Component: ARM Compiler 5.05 (build 41) Tool: armlink [4d0eb9]

==============================================================================

Section Cross References

    sbl_main.o(i.enter_isp) refers to chip_18xx_43xx.o(i.SystemCoreClockUpdate) for SystemCoreClockUpdate
    sbl_main.o(i.enter_isp) refers to board.o(i.Board_Init) for Board_Init
    sbl_main.o(i.enter_isp) refers to comms.o(i.init_comms) for init_comms
    sbl_main.o(i.enter_isp) refers to comms.o(i.comm_handshake) for comm_handshake
    sbl_main.o(i.enter_isp) refers to isp_iap.o(i.isp_cmd_loop) for isp_cmd_loop
    sbl_main.o(i.main) refers to isp_iap.o(i.user_code_present) for user_code_present
    sbl_main.o(i.main) refers to isp_iap.o(i.check_isp_entry_pin) for check_isp_entry_pin
    sbl_main.o(i.main) refers to isp_iap.o(i.execute_user_code) for execute_user_code
    sbl_main.o(i.main) refers to sbl_main.o(i.enter_isp) for enter_isp
    comms.o(i.ENET_RXGet) refers to comms.o(i.incIndex) for incIndex
    comms.o(i.ENET_RXGet) refers to comms.o(.data) for rxAvail
    comms.o(i.ENET_RXGet) refers to comms.o(.bss) for RXDescs
    comms.o(i.ENET_RXQueue) refers to comms.o(i.incIndex) for incIndex
    comms.o(i.ENET_RXQueue) refers to comms.o(.data) for rxAvail
    comms.o(i.ENET_RXQueue) refers to comms.o(.bss) for RXDescs
    comms.o(i.ENET_TXBuffClaim) refers to comms.o(i.incIndex) for incIndex
    comms.o(i.ENET_TXBuffClaim) refers to comms.o(.data) for txUsed
    comms.o(i.ENET_TXBuffClaim) refers to comms.o(.bss) for TXDescs
    comms.o(i.ENET_TXQueue) refers to comms.o(i.incIndex) for incIndex
    comms.o(i.ENET_TXQueue) refers to comms.o(.data) for txUsed
    comms.o(i.ENET_TXQueue) refers to comms.o(.bss) for TXDescs
    comms.o(i.InitDescriptors) refers to rt_memclr_w.o(.text) for __aeabi_memclr4
    comms.o(i.InitDescriptors) refers to comms.o(.data) for rxGet
    comms.o(i.comm_handshake) refers to comms.o(i.getline_ex) for getline_ex
    comms.o(i.comm_handshake) refers to comms.o(i.sendline_crlf) for sendline_crlf
    comms.o(i.comm_handshake) refers to comms.o(i.getline) for getline
    comms.o(i.comm_handshake) refers to rt_memcpy_v6.o(.text) for __aeabi_memcpy
    comms.o(i.comm_handshake) refers to isp_iap.o(i.str_cmp) for str_cmp
    comms.o(i.comm_handshake) refers to comms.o(.data) for synchro
    comms.o(i.comm_handshake) refers to comms.o(.constdata) for sync
    comms.o(i.comms_process) refers to comms.o(i.ENET_TXBuffClaim) for ENET_TXBuffClaim
    comms.o(i.filter) refers to comms.o(.data) for MyMAC
    comms.o(i.getline) refers to comms.o(i.getline_ex) for getline_ex
    comms.o(i.getline_ex) refers to timer.o(i.Timer_GetTimestamp) for Timer_GetTimestamp
    comms.o(i.getline_ex) refers to comms.o(i.ENET_RXGet) for ENET_RXGet
    comms.o(i.getline_ex) refers to comms.o(i.filter) for filter
    comms.o(i.getline_ex) refers to rt_memcpy_v6.o(.text) for __aeabi_memcpy
    comms.o(i.getline_ex) refers to comms.o(i.ENET_RXQueue) for ENET_RXQueue
    comms.o(i.getline_ex) refers to timer.o(i.Timer_HasTimestampExpired) for Timer_HasTimestampExpired
    comms.o(i.init_comms) refers to enet_18xx_43xx.o(i.Chip_ENET_Init) for Chip_ENET_Init
    comms.o(i.init_comms) refers to lpc_phy_dp83848.o(i.lpc_phy_init) for lpc_phy_init
    comms.o(i.init_comms) refers to comms.o(i.InitDescriptors) for InitDescriptors
    comms.o(i.init_comms) refers to comms.o(i.ENET_RXQueue) for ENET_RXQueue
    comms.o(i.init_comms) refers to timer.o(i.Timer_init) for Timer_init
    comms.o(i.init_comms) refers to lpc_phy_dp83848.o(i.lpcPHYStsPoll) for lpcPHYStsPoll
    comms.o(i.init_comms) refers to enet_18xx_43xx.o(i.Chip_ENET_SetDuplex) for Chip_ENET_SetDuplex
    comms.o(i.init_comms) refers to enet_18xx_43xx.o(i.Chip_ENET_SetSpeed) for Chip_ENET_SetSpeed
    comms.o(i.init_comms) refers to comms.o(i.localMsDelay) for localMsDelay
    comms.o(i.init_comms) refers to comms.o(.data) for MyMAC
    comms.o(i.init_comms) refers to comms.o(.bss) for RXDescs
    comms.o(i.sendline_crlf) refers to comms.o(i.comms_process) for comms_process
    comms.o(i.sendline_crlf) refers to comms.o(i.incIndex) for incIndex
    comms.o(i.sendline_crlf) refers to comms.o(i.chksum16) for chksum16
    comms.o(i.sendline_crlf) refers to comms.o(i.ENET_TXQueue) for ENET_TXQueue
    comms.o(i.sendline_crlf) refers to comms.o(.data) for txNextIndex
    comms.o(i.sendline_crlf) refers to comms.o(.bss) for TXBuffer
    isp_iap.o(i.blank_check) refers to isp_iap.o(i.param_check) for param_check
    isp_iap.o(i.blank_check) refers to isp_iap.o(i.iap_entry) for iap_entry
    isp_iap.o(i.blank_check) refers to isp_iap.o(i.i_to_a) for i_to_a
    isp_iap.o(i.blank_check) refers to comms.o(i.sendline_crlf) for sendline_crlf
    isp_iap.o(i.blank_check) refers to isp_iap.o(.bss) for param_buf
    isp_iap.o(i.blank_check) refers to isp_iap.o(.data) for crp_after_reset
    isp_iap.o(i.compare_mem) refers to isp_iap.o(i.param_check) for param_check
[...]
    rtexit2.o(.ARM.exidx) refers to rtexit2.o(.ARM.Collect$$rtexit$$00000001) for .ARM.Collect$$rtexit$$00000001
    rtexit2.o(.ARM.exidx) refers to rtexit2.o(.ARM.Collect$$rtexit$$00000003) for .ARM.Collect$$rtexit$$00000003
    rtexit2.o(.ARM.exidx) refers to rtexit2.o(.ARM.Collect$$rtexit$$00000004) for .ARM.Collect$$rtexit$$00000004
    argv_veneer.o(.emb_text) refers to no_argv.o(.text) for __ARM_get_argv
    _get_argv_nomalloc.o(.text) refers (Special) to hrguard.o(.text) for __heap_region$guard
    _get_argv_nomalloc.o(.text) refers to defsig_rtmem_outer.o(.text) for __rt_SIGRTMEM
    _get_argv_nomalloc.o(.text) refers to sys_command.o(.text) for _sys_command_string
    libshutdown.o(.ARM.Collect$$libshutdown$$00000000) refers (Special) to libshutdown2.o(.ARM.Collect$$libshutdown$$00000006) for __rt_lib_shutdown_fp_trap_1
    libshutdown.o(.ARM.Collect$$libshutdown$$00000000) refers (Special) to libshutdown2.o(.ARM.Collect$$libshutdown$$0000000E) for __rt_lib_shutdown_heap_1
    libshutdown.o(.ARM.Collect$$libshutdown$$00000000) refers (Special) to libshutdown2.o(.ARM.Collect$$libshutdown$$0000000F) for __rt_lib_shutdown_return
    libshutdown.o(.ARM.Collect$$libshutdown$$00000000) refers (Special) to libshutdown2.o(.ARM.Collect$$libshutdown$$00000009) for __rt_lib_shutdown_signal_1
    libshutdown.o(.ARM.Collect$$libshutdown$$00000000) refers (Special) to libshutdown2.o(.ARM.Collect$$libshutdown$$00000003) for __rt_lib_shutdown_stdio_1
    libshutdown.o(.ARM.Collect$$libshutdown$$00000000) refers (Special) to libshutdown2.o(.ARM.Collect$$libshutdown$$0000000B) for __rt_lib_shutdown_user_alloc_1
    sys_command.o(.text) refers (Special) to use_no_semi.o(.text) for __I$use$semihosting
    sys_command.o(.text) refers (Special) to indicate_semi.o(.text) for __semihosting_library_function
    defsig_rtmem_outer.o(.text) refers to defsig_rtmem_inner.o(.text) for __rt_SIGRTMEM_inner
    defsig_rtmem_outer.o(.text) refers to defsig_exit.o(.text) for __sig_exit
    defsig_rtmem_formal.o(.text) refers to rt_raise.o(.text) for __rt_raise
    rt_raise.o(.text) refers to __raise.o(.text) for __raise
    rt_raise.o(.text) refers to board.o(i._sys_exit) for _sys_exit
    defsig_exit.o(.text) refers to board.o(i._sys_exit) for _sys_exit
    defsig_rtmem_inner.o(.text) refers to defsig_general.o(.text) for __default_signal_display
    __raise.o(.text) refers to defsig.o(CL$$defsig) for __default_signal_handler
    defsig_general.o(.text) refers to sys_wrch.o(.text) for _ttywrch
    sys_wrch.o(.text) refers (Special) to use_no_semi.o(.text) for __I$use$semihosting
    sys_wrch.o(.text) refers (Special) to indicate_semi.o(.text) for __semihosting_library_function
    defsig.o(CL$$defsig) refers to defsig_rtmem_inner.o(.text) for __rt_SIGRTMEM_inner
    defsig_abrt_inner.o(.text) refers to defsig_general.o(.text) for __default_signal_display
    defsig_fpe_inner.o(.text) refers to defsig_general.o(.text) for __default_signal_display
    defsig_rtred_inner.o(.text) refers to defsig_general.o(.text) for __default_signal_display
    defsig_stak_inner.o(.text) refers to defsig_general.o(.text) for __default_signal_display
    defsig_pvfn_inner.o(.text) refers to defsig_general.o(.text) for __default_signal_display
    defsig_cppl_inner.o(.text) refers to defsig_general.o(.text) for __default_signal_display
    defsig_segv_inner.o(.text) refers to defsig_general.o(.text) for __default_signal_display
    defsig_other.o(.text) refers to defsig_general.o(.text) for __default_signal_display


==============================================================================

Removing Unused input sections from the image.

    Removing sbl_main.o(.rev16_text), (4 bytes).
    Removing sbl_main.o(.revsh_text), (4 bytes).
    Removing comms.o(.rev16_text), (4 bytes).
    Removing comms.o(.revsh_text), (4 bytes).
    Removing isp_iap.o(.rev16_text), (4 bytes).
    Removing isp_iap.o(.revsh_text), (4 bytes).
    Removing isp_iap.o(i.__rt_div0), (2 bytes).
    Removing isp_iap.o(i.disable_interrupts), (4 bytes).
    Removing isp_iap.o(i.enable_interrupts), (4 bytes).
    Removing isp_iap.o(i.run_isp), (48 bytes).
    Removing timer.o(.rev16_text), (4 bytes).
    Removing timer.o(.revsh_text), (4 bytes).
    Removing timer.o(i.Timer_Delay), (24 bytes).
    Removing enet_18xx_43xx.o(.rev16_text), (4 bytes).
    Removing enet_18xx_43xx.o(.revsh_text), (4 bytes).
    Removing enet_18xx_43xx.o(i.Chip_ENET_DeInit), (30 bytes).
    Removing clock_18xx_43xx.o(.rev16_text), (4 bytes).
    Removing clock_18xx_43xx.o(.revsh_text), (4 bytes).
    Removing clock_18xx_43xx.o(i.Chip_Clock_ClearPowerDown), (20 bytes).
    Removing clock_18xx_43xx.o(i.Chip_Clock_Disable), (56 bytes).
    Removing clock_18xx_43xx.o(i.Chip_Clock_DisableBaseClock), (28 bytes).
    Removing clock_18xx_43xx.o(i.Chip_Clock_DisableCrystal), (20 bytes).
    Removing clock_18xx_43xx.o(i.Chip_Clock_DisablePLL), (28 bytes).
    Removing clock_18xx_43xx.o(i.Chip_Clock_EnableBaseClock), (28 bytes).
    Removing clock_18xx_43xx.o(i.Chip_Clock_EnableMainPLL), (20 bytes).
    Removing clock_18xx_43xx.o(i.Chip_Clock_EnablePLL), (28 bytes).
    Removing clock_18xx_43xx.o(i.Chip_Clock_GetBaseClockOpts), (52 bytes).
    Removing clock_18xx_43xx.o(i.Chip_Clock_GetPLLStatus), (16 bytes).
    Removing clock_18xx_43xx.o(i.Chip_Clock_IsBaseClockEnabled), (32 bytes).
    Removing clock_18xx_43xx.o(i.Chip_Clock_MainPLLLocked), (16 bytes).
    Removing clock_18xx_43xx.o(i.Chip_Clock_RTCEnable), (28 bytes).
    Removing clock_18xx_43xx.o(i.Chip_Clock_SetupPLL), (68 bytes).
    Removing clock_18xx_43xx.o(i.Chip_Clock_StartPowerDown), (20 bytes).
    Removing rgu_18xx_43xx.o(.rev16_text), (4 bytes).
    Removing rgu_18xx_43xx.o(.revsh_text), (4 bytes).
    Removing rgu_18xx_43xx.o(i.Chip_RGU_ClearReset), (28 bytes).
    Removing chip_18xx_43xx.o(.rev16_text), (4 bytes).
    Removing chip_18xx_43xx.o(.revsh_text), (4 bytes).
    Removing chip_18xx_43xx.o(i.Chip_USB0_Init), (60 bytes).
    Removing chip_18xx_43xx.o(i.Chip_USB1_Init), (68 bytes).
    Removing chip_18xx_43xx.o(i.Chip_USB_PllSetup), (60 bytes).
    Removing chip_18xx_43xx.o(.constdata), (20 bytes).
    Removing sysinit_18xx_43xx.o(.rev16_text), (4 bytes).
    Removing sysinit_18xx_43xx.o(.revsh_text), (4 bytes).
    Removing sysinit_18xx_43xx.o(i.Chip_SetupIrcClocking), (20 bytes).
    Removing sysinit_18xx_43xx.o(i.Chip_SetupXtalClocking), (20 bytes).
    Removing sysinit_18xx_43xx.o(i.Chip_SystemInit), (8 bytes).
    Removing gpio_18xx_43xx.o(.rev16_text), (4 bytes).
    Removing gpio_18xx_43xx.o(.revsh_text), (4 bytes).
    Removing gpio_18xx_43xx.o(i.Chip_GPIO_DeInit), (2 bytes).
    Removing gpio_18xx_43xx.o(i.Chip_GPIO_SetDir), (44 bytes).
    Removing gpio_18xx_43xx.o(i.Chip_GPIO_SetPinDIR), (62 bytes).
    Removing gpio_18xx_43xx.o(i.Chip_GPIO_SetPortDIR), (54 bytes).
    Removing gpio_18xx_43xx.o(i.Chip_GPIO_WriteDirBit), (52 bytes).
    Removing emc_18xx_43xx.o(.rev16_text), (4 bytes).
    Removing emc_18xx_43xx.o(.revsh_text), (4 bytes).
    Removing emc_18xx_43xx.o(i.Chip_EMC_Dynamic_Enable), (36 bytes).
    Removing emc_18xx_43xx.o(i.Chip_EMC_Enable), (36 bytes).
    Removing emc_18xx_43xx.o(i.Chip_EMC_LowPowerMode), (36 bytes).
    Removing emc_18xx_43xx.o(i.Chip_EMC_Mirror), (36 bytes).
    Removing timer_18xx_43xx.o(.rev16_text), (4 bytes).
    Removing timer_18xx_43xx.o(.revsh_text), (4 bytes).
    Removing timer_18xx_43xx.o(i.Chip_TIMER_DeInit), (18 bytes).
    Removing timer_18xx_43xx.o(i.Chip_TIMER_ExtMatchControlSet), (52 bytes).
    Removing timer_18xx_43xx.o(i.Chip_TIMER_Reset), (26 bytes).
    Removing stopwatch_18xx_43xx.o(.rev16_text), (4 bytes).
    Removing stopwatch_18xx_43xx.o(.revsh_text), (4 bytes).
    Removing stopwatch_18xx_43xx.o(i.StopWatch_MsToTicks), (16 bytes).
    Removing stopwatch_18xx_43xx.o(i.StopWatch_TicksPerSecond), (12 bytes).
    Removing stopwatch_18xx_43xx.o(i.StopWatch_TicksToUs), (16 bytes).
    Removing stopwatch_18xx_43xx.o(i.StopWatch_UsToTicks), (16 bytes).
    Removing board.o(.rev16_text), (4 bytes).
    Removing board.o(.revsh_text), (4 bytes).
    Removing board.o(i.Board_ENET_GetMacADDR), (32 bytes).
    Removing board.o(i.Board_LED_Set), (40 bytes).
    Removing board.o(i.Board_LED_Test), (52 bytes).
    Removing board.o(i.Board_LED_Toggle), (24 bytes).
    Removing board.o(i._sys_open), (6 bytes).
    Removing board.o(i.ferror), (8 bytes).
    Removing board.o(i.fgetc), (6 bytes).
    Removing board.o(i.fputc), (6 bytes).
    Removing board.o(.data), (12 bytes).
    Removing board_sysinit.o(.rev16_text), (4 bytes).
    Removing board_sysinit.o(.revsh_text), (4 bytes).
    Removing lpc_phy_dp83848.o(.rev16_text), (4 bytes).
    Removing lpc_phy_dp83848.o(.revsh_text), (4 bytes).
    Removing sysinit.o(.rev16_text), (4 bytes).
    Removing sysinit.o(.revsh_text), (4 bytes).

88 unused section(s) (total 1692 bytes) removed from the image.

==============================================================================

Image Symbol Table

    Local Symbols

    Symbol Name                              Value     Ov Type        Size  Object(Section)

    ../clib/angel/boardlib.s                 0x00000000   Number         0  boardshut.o ABSOLUTE
    ../clib/angel/boardlib.s                 0x00000000   Number         0  boardinit1.o ABSOLUTE
    ../clib/angel/boardlib.s                 0x00000000   Number         0  boardinit2.o ABSOLUTE
    ../clib/angel/boardlib.s                 0x00000000   Number         0  boardinit3.o ABSOLUTE
    ../clib/angel/handlers.s                 0x00000000   Number         0  __scatter_copy.o ABSOLUTE
    ../clib/angel/handlers.s                 0x00000000   Number         0  __scatter_zi.o ABSOLUTE
    ../clib/angel/kernel.s                   0x00000000   Number         0  __rtentry2.o ABSOLUTE
    ../clib/angel/kernel.s                   0x00000000   Number         0  rtexit.o ABSOLUTE
    ../clib/angel/kernel.s                   0x00000000   Number         0  __rtentry.o ABSOLUTE
    ../clib/angel/kernel.s                   0x00000000   Number         0  __rtentry4.o ABSOLUTE
    ../clib/angel/kernel.s                   0x00000000   Number         0  rtexit2.o ABSOLUTE
    ../clib/angel/rt.s                       0x00000000   Number         0  rt_raise.o ABSOLUTE
    ../clib/angel/scatter.s                  0x00000000   Number         0  __scatter.o ABSOLUTE
    ../clib/angel/startup.s                  0x00000000   Number         0  __main.o ABSOLUTE
    ../clib/angel/sys.s                      0x00000000   Number         0  sys_stackheap_outer.o ABSOLUTE
    ../clib/angel/sys.s                      0x00000000   Number         0  use_no_semi.o ABSOLUTE
    ../clib/angel/sys.s                      0x00000000   Number         0  indicate_semi.o ABSOLUTE
    ../clib/angel/sys.s                      0x00000000   Number         0  libspace.o ABSOLUTE
    ../clib/angel/sysapp.c                   0x00000000   Number         0  sys_command.o ABSOLUTE
    ../clib/angel/sysapp.c                   0x00000000   Number         0  sys_wrch.o ABSOLUTE
    ../clib/armsys.c                         0x00000000   Number         0  no_argv.o ABSOLUTE
    ../clib/armsys.c                         0x00000000   Number         0  _get_argv_nomalloc.o ABSOLUTE
    ../clib/armsys.c                         0x00000000   Number         0  argv_veneer.o ABSOLUTE
    ../clib/armsys.c                         0x00000000   Number         0  argv_veneer.o ABSOLUTE
    ../clib/heapalloc.c                      0x00000000   Number         0  hrguard.o ABSOLUTE
    ../clib/heapaux.c                        0x00000000   Number         0  heapauxi.o ABSOLUTE
    ../clib/libinit.s                        0x00000000   Number         0  libinit.o ABSOLUTE
    ../clib/libinit.s                        0x00000000   Number         0  libshutdown2.o ABSOLUTE
    ../clib/libinit.s                        0x00000000   Number         0  libinit2.o ABSOLUTE
    ../clib/libinit.s                        0x00000000   Number         0  libshutdown.o ABSOLUTE
    ../clib/memcpset.s                       0x00000000   Number         0  rt_memcpy_w.o ABSOLUTE
    ../clib/memcpset.s                       0x00000000   Number         0  rt_memclr_w.o ABSOLUTE
    ../clib/memcpset.s                       0x00000000   Number         0  rt_memcpy_v6.o ABSOLUTE
    ../clib/signal.c                         0x00000000   Number         0  defsig_cppl_inner.o ABSOLUTE
    ../clib/signal.c                         0x00000000   Number         0  __raise.o ABSOLUTE
    ../clib/signal.c                         0x00000000   Number         0  defsig_rtred_inner.o ABSOLUTE
    ../clib/signal.c                         0x00000000   Number         0  defsig_abrt_inner.o ABSOLUTE
    ../clib/signal.c                         0x00000000   Number         0  defsig_stak_inner.o ABSOLUTE
    ../clib/signal.c                         0x00000000   Number         0  defsig_segv_inner.o ABSOLUTE
    ../clib/signal.c                         0x00000000   Number         0  defsig_rtmem_inner.o ABSOLUTE
    ../clib/signal.c                         0x00000000   Number         0  defsig_rtmem_formal.o ABSOLUTE
    ../clib/signal.c                         0x00000000   Number         0  defsig_other.o ABSOLUTE
    ../clib/signal.c                         0x00000000   Number         0  defsig_fpe_inner.o ABSOLUTE
    ../clib/signal.c                         0x00000000   Number         0  defsig_pvfn_inner.o ABSOLUTE
    ../clib/signal.c                         0x00000000   Number         0  defsig_rtmem_outer.o ABSOLUTE
    ../clib/signal.c                         0x00000000   Number         0  defsig_general.o ABSOLUTE
    ../clib/signal.c                         0x00000000   Number         0  defsig_exit.o ABSOLUTE
    ../clib/signal.s                         0x00000000   Number         0  defsig.o ABSOLUTE
    ../clib/stdlib.c                         0x00000000   Number         0  exit.o ABSOLUTE
    ../fplib/fpinit.s                        0x00000000   Number         0  fpinit.o ABSOLUTE
    board.c                                  0x00000000   Number         0  board.o ABSOLUTE
    board.c                                  0x00000000   Number         0  board.o ABSOLUTE
    board_sysinit.c                          0x00000000   Number         0  board_sysinit.o ABSOLUTE
    board_sysinit.c                          0x00000000   Number         0  board_sysinit.o ABSOLUTE
    comms.c                                  0x00000000   Number         0  comms.o ABSOLUTE
    comms.c                                  0x00000000   Number         0  comms.o ABSOLUTE
    dc.s                                     0x00000000   Number         0  dc.o ABSOLUTE
    isp_iap.c                                0x00000000   Number         0  isp_iap.o ABSOLUTE
    isp_iap.c                                0x00000000   Number         0  isp_iap.o ABSOLUTE
    keil_startup_lpc18xx43xx.s               0x00000000   Number         0  keil_startup_lpc18xx43xx.o ABSOLUTE
    lpc_phy_dp83848.c                        0x00000000   Number         0  lpc_phy_dp83848.o ABSOLUTE
    lpc_phy_dp83848.c                        0x00000000   Number         0  lpc_phy_dp83848.o ABSOLUTE
    lpcopen_2_12\\chip_18xx_43xx\\chip_18xx_43xx.c 0x00000000   Number         0  chip_18xx_43xx.o ABSOLUTE
    lpcopen_2_12\\chip_18xx_43xx\\clock_18xx_43xx.c 0x00000000   Number         0  clock_18xx_43xx.o ABSOLUTE
    lpcopen_2_12\\chip_18xx_43xx\\emc_18xx_43xx.c 0x00000000   Number         0  emc_18xx_43xx.o ABSOLUTE
    lpcopen_2_12\\chip_18xx_43xx\\enet_18xx_43xx.c 0x00000000   Number         0  enet_18xx_43xx.o ABSOLUTE
    lpcopen_2_12\\chip_18xx_43xx\\gpio_18xx_43xx.c 0x00000000   Number         0  gpio_18xx_43xx.o ABSOLUTE
    lpcopen_2_12\\chip_18xx_43xx\\rgu_18xx_43xx.c 0x00000000   Number         0  rgu_18xx_43xx.o ABSOLUTE
    lpcopen_2_12\\chip_18xx_43xx\\stopwatch_18xx_43xx.c 0x00000000   Number         0  stopwatch_18xx_43xx.o ABSOLUTE
    lpcopen_2_12\\chip_18xx_43xx\\sysinit_18xx_43xx.c 0x00000000   Number         0  sysinit_18xx_43xx.o ABSOLUTE
    lpcopen_2_12\\chip_18xx_43xx\\timer_18xx_43xx.c 0x00000000   Number         0  timer_18xx_43xx.o ABSOLUTE
    lpcopen_2_12\chip_18xx_43xx\chip_18xx_43xx.c 0x00000000   Number         0  chip_18xx_43xx.o ABSOLUTE
    lpcopen_2_12\chip_18xx_43xx\clock_18xx_43xx.c 0x00000000   Number         0  clock_18xx_43xx.o ABSOLUTE
    lpcopen_2_12\chip_18xx_43xx\emc_18xx_43xx.c 0x00000000   Number         0  emc_18xx_43xx.o ABSOLUTE
    lpcopen_2_12\chip_18xx_43xx\enet_18xx_43xx.c 0x00000000   Number         0  enet_18xx_43xx.o ABSOLUTE
    lpcopen_2_12\chip_18xx_43xx\gpio_18xx_43xx.c 0x00000000   Number         0  gpio_18xx_43xx.o ABSOLUTE
    lpcopen_2_12\chip_18xx_43xx\rgu_18xx_43xx.c 0x00000000   Number         0  rgu_18xx_43xx.o ABSOLUTE
    lpcopen_2_12\chip_18xx_43xx\stopwatch_18xx_43xx.c 0x00000000   Number         0  stopwatch_18xx_43xx.o ABSOLUTE
    lpcopen_2_12\chip_18xx_43xx\sysinit_18xx_43xx.c 0x00000000   Number         0  sysinit_18xx_43xx.o ABSOLUTE
    lpcopen_2_12\chip_18xx_43xx\timer_18xx_43xx.c 0x00000000   Number         0  timer_18xx_43xx.o ABSOLUTE
    sbl_main.c                               0x00000000   Number         0  sbl_main.o ABSOLUTE
    sbl_main.c                               0x00000000   Number         0  sbl_main.o ABSOLUTE
    sysinit.c                                0x00000000   Number         0  sysinit.o ABSOLUTE
    sysinit.c                                0x00000000   Number         0  sysinit.o ABSOLUTE
    timer.c                                  0x00000000   Number         0  timer.o ABSOLUTE
    timer.c                                  0x00000000   Number         0  timer.o ABSOLUTE
    .data                                    0x10000000   Section       69  comms.o(.data)
    rxFill                                   0x10000000   Data           4  comms.o(.data)
    rxGet                                    0x10000004   Data           4  comms.o(.data)
    rxAvail                                  0x10000008   Data           4  comms.o(.data)
    rxNumDescs                               0x1000000c   Data           4  comms.o(.data)
    txFill                                   0x10000010   Data           4  comms.o(.data)
    txGet                                    0x10000014   Data           4  comms.o(.data)
    txUsed                                   0x10000018   Data           4  comms.o(.data)
    txNumDescs                               0x1000001c   Data           4  comms.o(.data)
    MyMAC                                    0x10000020   Data           6  comms.o(.data)
    srcport                                  0x10000028   Data           4  comms.o(.data)
    destport                                 0x1000002c   Data           4  comms.o(.data)
    HostMAC                                  0x10000030   Data           6  comms.o(.data)
    txNextIndex                              0x10000038   Data           4  comms.o(.data)
    srcipaddr                                0x1000003c   Data           4  comms.o(.data)
    destipaddr                               0x10000040   Data           4  comms.o(.data)
    synchro                                  0x10000044   Data           1  comms.o(.data)
    .data                                    0x10000048   Section        8  isp_iap.o(.data)
    .data                                    0x10000050   Section        4  enet_18xx_43xx.o(.data)
    phyCfg                                   0x10000050   Data           4  enet_18xx_43xx.o(.data)
    .data                                    0x10000054   Section        8  clock_18xx_43xx.o(.data)
    audio_usb_pll_freq                       0x10000054   Data           8  clock_18xx_43xx.o(.data)
    .data                                    0x1000005c   Section        4  chip_18xx_43xx.o(.data)
    .data                                    0x10000060   Section       12  stopwatch_18xx_43xx.o(.data)
    ticksPerSecond                           0x10000060   Data           4  stopwatch_18xx_43xx.o(.data)
    ticksPerMs                               0x10000064   Data           4  stopwatch_18xx_43xx.o(.data)
    ticksPerUs                               0x10000068   Data           4  stopwatch_18xx_43xx.o(.data)
    .data                                    0x1000006c   Section       16  lpc_phy_dp83848.o(.data)
    physts                                   0x1000006c   Data           4  lpc_phy_dp83848.o(.data)
    olddphysts                               0x10000070   Data           4  lpc_phy_dp83848.o(.data)
    phyustate                                0x10000074   Data           4  lpc_phy_dp83848.o(.data)
    pDelayMs                                 0x10000078   Data           4  lpc_phy_dp83848.o(.data)
    .bss                                     0x1000007c   Section    12544  comms.o(.bss)
    TXDescs                                  0x1000007c   Data         128  comms.o(.bss)
    RXDescs                                  0x100000fc   Data         128  comms.o(.bss)
    TXBuffer                                 0x1000017c   Data        6144  comms.o(.bss)
    RXBuffer                                 0x1000197c   Data        6144  comms.o(.bss)
    .bss                                     0x1000317c   Section      208  isp_iap.o(.bss)
    .bss                                     0x1000324c   Section       96  libspace.o(.bss)
    HEAP                                     0x100032b0   Section        0  keil_startup_lpc18xx43xx.o(HEAP)
    STACK                                    0x100032b0   Section      768  keil_startup_lpc18xx43xx.o(STACK)
    Heap_Mem                                 0x100032b0   Data           0  keil_startup_lpc18xx43xx.o(HEAP)
    Stack_Mem                                0x100032b0   Data         768  keil_startup_lpc18xx43xx.o(STACK)
    __initial_sp                             0x100035b0   Data           0  keil_startup_lpc18xx43xx.o(STACK)
    RESET                                    0x1a000000   Section      276  keil_startup_lpc18xx43xx.o(RESET)
    !!!main                                  0x1a000114   Section        8  __main.o(!!!main)
    !!!scatter                               0x1a00011c   Section       52  __scatter.o(!!!scatter)
    !!handler_copy                           0x1a000150   Section       26  __scatter_copy.o(!!handler_copy)
    !!handler_zi                             0x1a00016c   Section       28  __scatter_zi.o(!!handler_zi)
    .ARM.Collect$$libinit$$00000000          0x1a000188   Section        2  libinit.o(.ARM.Collect$$libinit$$00000000)
    .ARM.Collect$$libinit$$00000002          0x1a00018a   Section        0  libinit2.o(.ARM.Collect$$libinit$$00000002)
    .ARM.Collect$$libinit$$00000004          0x1a00018a   Section        0  libinit2.o(.ARM.Collect$$libinit$$00000004)
    .ARM.Collect$$libinit$$0000000A          0x1a00018a   Section        0  libinit2.o(.ARM.Collect$$libinit$$0000000A)
    .ARM.Collect$$libinit$$0000000C          0x1a00018a   Section        0  libinit2.o(.ARM.Collect$$libinit$$0000000C)
    .ARM.Collect$$libinit$$0000000E          0x1a00018a   Section        0  libinit2.o(.ARM.Collect$$libinit$$0000000E)
    .ARM.Collect$$libinit$$00000011          0x1a00018a   Section        0  libinit2.o(.ARM.Collect$$libinit$$00000011)
    .ARM.Collect$$libinit$$00000013          0x1a00018a   Section        0  libinit2.o(.ARM.Collect$$libinit$$00000013)
    .ARM.Collect$$libinit$$00000015          0x1a00018a   Section        0  libinit2.o(.ARM.Collect$$libinit$$00000015)
    .ARM.Collect$$libinit$$00000017          0x1a00018a   Section        0  libinit2.o(.ARM.Collect$$libinit$$00000017)
    .ARM.Collect$$libinit$$00000019          0x1a00018a   Section        0  libinit2.o(.ARM.Collect$$libinit$$00000019)
    .ARM.Collect$$libinit$$0000001B          0x1a00018a   Section        0  libinit2.o(.ARM.Collect$$libinit$$0000001B)
    .ARM.Collect$$libinit$$0000001D          0x1a00018a   Section        0  libinit2.o(.ARM.Collect$$libinit$$0000001D)
    .ARM.Collect$$libinit$$0000001F          0x1a00018a   Section        0  libinit2.o(.ARM.Collect$$libinit$$0000001F)
    .ARM.Collect$$libinit$$00000021          0x1a00018a   Section        0  libinit2.o(.ARM.Collect$$libinit$$00000021)
    .ARM.Collect$$libinit$$00000023          0x1a00018a   Section        0  libinit2.o(.ARM.Collect$$libinit$$00000023)
    .ARM.Collect$$libinit$$00000025          0x1a00018a   Section        0  libinit2.o(.ARM.Collect$$libinit$$00000025)
    .ARM.Collect$$libinit$$0000002C          0x1a00018a   Section        0  libinit2.o(.ARM.Collect$$libinit$$0000002C)
    .ARM.Collect$$libinit$$0000002E          0x1a00018a   Section        0  libinit2.o(.ARM.Collect$$libinit$$0000002E)
    .ARM.Collect$$libinit$$00000030          0x1a00018a   Section        0  libinit2.o(.ARM.Collect$$libinit$$00000030)
    .ARM.Collect$$libinit$$00000032          0x1a00018a   Section        0  libinit2.o(.ARM.Collect$$libinit$$00000032)
    .ARM.Collect$$libinit$$00000033          0x1a00018a   Section        2  libinit2.o(.ARM.Collect$$libinit$$00000033)
    .ARM.Collect$$libshutdown$$00000000      0x1a00018c   Section        2  libshutdown.o(.ARM.Collect$$libshutdown$$00000000)
    .ARM.Collect$$libshutdown$$00000003      0x1a00018e   Section        0  libshutdown2.o(.ARM.Collect$$libshutdown$$00000003)
    .ARM.Collect$$libshutdown$$00000006      0x1a00018e   Section        0  libshutdown2.o(.ARM.Collect$$libshutdown$$00000006)
    .ARM.Collect$$libshutdown$$00000009      0x1a00018e   Section        0  libshutdown2.o(.ARM.Collect$$libshutdown$$00000009)
    .ARM.Collect$$libshutdown$$0000000B      0x1a00018e   Section        0  libshutdown2.o(.ARM.Collect$$libshutdown$$0000000B)
    .ARM.Collect$$libshutdown$$0000000E      0x1a00018e   Section        0  libshutdown2.o(.ARM.Collect$$libshutdown$$0000000E)
    .ARM.Collect$$libshutdown$$0000000F      0x1a00018e   Section        2  libshutdown2.o(.ARM.Collect$$libshutdown$$0000000F)
    .ARM.Collect$$rtentry$$00000000          0x1a000190   Section        0  __rtentry.o(.ARM.Collect$$rtentry$$00000000)
    .ARM.Collect$$rtentry$$00000002          0x1a000190   Section        0  __rtentry2.o(.ARM.Collect$$rtentry$$00000002)
    .ARM.Collect$$rtentry$$00000004          0x1a000190   Section        6  __rtentry4.o(.ARM.Collect$$rtentry$$00000004)
    .ARM.Collect$$rtentry$$00000009          0x1a000196   Section        0  __rtentry2.o(.ARM.Collect$$rtentry$$00000009)
    .ARM.Collect$$rtentry$$0000000A          0x1a000196   Section        4  __rtentry2.o(.ARM.Collect$$rtentry$$0000000A)
    .ARM.Collect$$rtentry$$0000000C          0x1a00019a   Section        0  __rtentry2.o(.ARM.Collect$$rtentry$$0000000C)
    .ARM.Collect$$rtentry$$0000000D          0x1a00019a   Section        8  __rtentry2.o(.ARM.Collect$$rtentry$$0000000D)
    .ARM.Collect$$rtexit$$00000000           0x1a0001a2   Section        2  rtexit.o(.ARM.Collect$$rtexit$$00000000)
    .ARM.Collect$$rtexit$$00000002           0x1a0001a4   Section        0  rtexit2.o(.ARM.Collect$$rtexit$$00000002)
    .ARM.Collect$$rtexit$$00000003           0x1a0001a4   Section        4  rtexit2.o(.ARM.Collect$$rtexit$$00000003)
    .ARM.Collect$$rtexit$$00000004           0x1a0001a8   Section        6  rtexit2.o(.ARM.Collect$$rtexit$$00000004)
    .text                                    0x1a0001b0   Section       64  keil_startup_lpc18xx43xx.o(.text)
    .text                                    0x1a0001f0   Section      138  rt_memcpy_v6.o(.text)
    .text                                    0x1a00027a   Section       78  rt_memclr_w.o(.text)
    .text                                    0x1a0002c8   Section        0  heapauxi.o(.text)
    .text                                    0x1a0002ce   Section        0  exit.o(.text)
    .text                                    0x1a0002dc   Section        8  libspace.o(.text)
    i.Board_SystemInit                       0x1a0002e4   Section        0  board_sysinit.o(i.Board_SystemInit)
    i.Chip_GPIO_Init                         0x1a0002f4   Section        0  gpio_18xx_43xx.o(i.Chip_GPIO_Init)
    i.ETH_IRQHandler                         0x1a0002f6   Section        0  comms.o(i.ETH_IRQHandler)
    .ARM.__at_0x1A0002FC                     0x1a0002fc   Section        4  sbl_main.o(.ARM.__at_0x1A0002FC)
    .text                                    0x1a000300   Section      100  rt_memcpy_w.o(.text)
    .text                                    0x1a000364   Section       74  sys_stackheap_outer.o(.text)
    i.Board_Init                             0x1a0003b0   Section        0  board.o(i.Board_Init)
    i.Board_LED_Init                         0x1a0003fc   Section        0  board.o(i.Board_LED_Init)
    Board_LED_Init                           0x1a0003fd   Thumb Code    48  board.o(i.Board_LED_Init)
    i.Board_SetupClocking                    0x1a000438   Section        0  board_sysinit.o(i.Board_SetupClocking)
    i.Board_SetupExtMemory                   0x1a0004ec   Section        0  board_sysinit.o(i.Board_SetupExtMemory)
    i.Board_SetupMuxing                      0x1a000558   Section        0  board_sysinit.o(i.Board_SetupMuxing)
    i.Chip_Clock_DisableMainPLL              0x1a0005a4   Section        0  clock_18xx_43xx.o(i.Chip_Clock_DisableMainPLL)
    i.Chip_Clock_Enable                      0x1a0005b8   Section        0  clock_18xx_43xx.o(i.Chip_Clock_Enable)
    i.Chip_Clock_EnableCrystal               0x1a0005f0   Section        0  clock_18xx_43xx.o(i.Chip_Clock_EnableCrystal)
    i.Chip_Clock_EnableOpts                  0x1a00063c   Section        0  clock_18xx_43xx.o(i.Chip_Clock_EnableOpts)
    i.Chip_Clock_FindBaseClock               0x1a000678   Section        0  clock_18xx_43xx.o(i.Chip_Clock_FindBaseClock)
    Chip_Clock_FindBaseClock                 0x1a000679   Thumb Code    74  clock_18xx_43xx.o(i.Chip_Clock_FindBaseClock)
    i.Chip_Clock_GetBaseClock                0x1a0006c8   Section        0  clock_18xx_43xx.o(i.Chip_Clock_GetBaseClock)
    i.Chip_Clock_GetBaseClocktHz             0x1a0006ec   Section        0  clock_18xx_43xx.o(i.Chip_Clock_GetBaseClocktHz)
    i.Chip_Clock_GetClockInputHz             0x1a000700   Section        0  clock_18xx_43xx.o(i.Chip_Clock_GetClockInputHz)
    i.Chip_Clock_GetDivRate                  0x1a0007d4   Section        0  clock_18xx_43xx.o(i.Chip_Clock_GetDivRate)
    Chip_Clock_GetDivRate                    0x1a0007d5   Thumb Code    40  clock_18xx_43xx.o(i.Chip_Clock_GetDivRate)
    i.Chip_Clock_GetDividerDivisor           0x1a0007fc   Section        0  clock_18xx_43xx.o(i.Chip_Clock_GetDividerDivisor)
    i.Chip_Clock_GetDividerSource            0x1a00081c   Section        0  clock_18xx_43xx.o(i.Chip_Clock_GetDividerSource)
    i.Chip_Clock_GetEMCRate                  0x1a00083c   Section        0  clock_18xx_43xx.o(i.Chip_Clock_GetEMCRate)
    i.Chip_Clock_GetMainPLLHz                0x1a00086c   Section        0  clock_18xx_43xx.o(i.Chip_Clock_GetMainPLLHz)
    i.Chip_Clock_GetRate                     0x1a0008e4   Section        0  clock_18xx_43xx.o(i.Chip_Clock_GetRate)
    i.Chip_Clock_SetBaseClock                0x1a00093c   Section        0  clock_18xx_43xx.o(i.Chip_Clock_SetBaseClock)
    i.Chip_Clock_SetDivider                  0x1a000984   Section        0  clock_18xx_43xx.o(i.Chip_Clock_SetDivider)
    i.Chip_Clock_SetupMainPLLHz              0x1a0009d4   Section        0  clock_18xx_43xx.o(i.Chip_Clock_SetupMainPLLHz)
    i.Chip_Clock_SetupMainPLLMult            0x1a000a94   Section        0  clock_18xx_43xx.o(i.Chip_Clock_SetupMainPLLMult)
    i.Chip_Clock_TestMainPLLMultiplier       0x1a000b44   Section        0  clock_18xx_43xx.o(i.Chip_Clock_TestMainPLLMultiplier)
    Chip_Clock_TestMainPLLMultiplier         0x1a000b45   Thumb Code    26  clock_18xx_43xx.o(i.Chip_Clock_TestMainPLLMultiplier)
    i.Chip_EMC_Dynamic_Init                  0x1a000b64   Section        0  emc_18xx_43xx.o(i.Chip_EMC_Dynamic_Init)
    i.Chip_EMC_Init                          0x1a000b80   Section        0  emc_18xx_43xx.o(i.Chip_EMC_Init)
    i.Chip_EMC_Static_Init                   0x1a000bac   Section        0  emc_18xx_43xx.o(i.Chip_EMC_Static_Init)
    i.Chip_ENET_Init                         0x1a000bc8   Section        0  enet_18xx_43xx.o(i.Chip_ENET_Init)
    i.Chip_ENET_SetDuplex                    0x1a000c54   Section        0  enet_18xx_43xx.o(i.Chip_ENET_SetDuplex)
    i.Chip_ENET_SetSpeed                     0x1a000c6a   Section        0  enet_18xx_43xx.o(i.Chip_ENET_SetSpeed)
    i.Chip_ENET_SetupMII                     0x1a000c80   Section        0  enet_18xx_43xx.o(i.Chip_ENET_SetupMII)
    i.Chip_ENET_StartMIIRead                 0x1a000c94   Section        0  enet_18xx_43xx.o(i.Chip_ENET_StartMIIRead)
    i.Chip_ENET_StartMIIWrite                0x1a000cac   Section        0  enet_18xx_43xx.o(i.Chip_ENET_StartMIIWrite)
    i.Chip_RGU_InReset                       0x1a000ccc   Section        0  rgu_18xx_43xx.o(i.Chip_RGU_InReset)
    i.Chip_RGU_TriggerReset                  0x1a000d04   Section        0  rgu_18xx_43xx.o(i.Chip_RGU_TriggerReset)
    i.Chip_SCU_PinMuxSet                     0x1a000d30   Section        0  board.o(i.Chip_SCU_PinMuxSet)
    Chip_SCU_PinMuxSet                       0x1a000d31   Thumb Code    12  board.o(i.Chip_SCU_PinMuxSet)
    i.Chip_SCU_SetPinMuxing                  0x1a000d40   Section        0  board_sysinit.o(i.Chip_SCU_SetPinMuxing)
    Chip_SCU_SetPinMuxing                    0x1a000d41   Thumb Code    44  board_sysinit.o(i.Chip_SCU_SetPinMuxing)
    i.Chip_SetupCoreClock                    0x1a000d70   Section        0  sysinit_18xx_43xx.o(i.Chip_SetupCoreClock)
    i.Chip_TIMER_GetClockIndex               0x1a000e0c   Section        0  timer_18xx_43xx.o(i.Chip_TIMER_GetClockIndex)
    Chip_TIMER_GetClockIndex                 0x1a000e0d   Thumb Code    36  timer_18xx_43xx.o(i.Chip_TIMER_GetClockIndex)
    i.Chip_TIMER_Init                        0x1a000e3c   Section        0  timer_18xx_43xx.o(i.Chip_TIMER_Init)
    i.ENET_RXGet                             0x1a000e50   Section        0  comms.o(i.ENET_RXGet)
    ENET_RXGet                               0x1a000e51   Thumb Code   102  comms.o(i.ENET_RXGet)
    i.ENET_RXQueue                           0x1a000ec8   Section        0  comms.o(i.ENET_RXQueue)
    ENET_RXQueue                             0x1a000ec9   Thumb Code   144  comms.o(i.ENET_RXQueue)
    i.ENET_TXBuffClaim                       0x1a000f6c   Section        0  comms.o(i.ENET_TXBuffClaim)
    ENET_TXBuffClaim                         0x1a000f6d   Thumb Code    74  comms.o(i.ENET_TXBuffClaim)
    i.ENET_TXQueue                           0x1a000fc8   Section        0  comms.o(i.ENET_TXQueue)
    ENET_TXQueue                             0x1a000fc9   Thumb Code   170  comms.o(i.ENET_TXQueue)
    i.InitDescriptors                        0x1a00108c   Section        0  comms.o(i.InitDescriptors)
    InitDescriptors                          0x1a00108d   Thumb Code   190  comms.o(i.InitDescriptors)
    i.StopWatch_Init                         0x1a001170   Section        0  stopwatch_18xx_43xx.o(i.StopWatch_Init)
    i.StopWatch_Start                        0x1a0011d0   Section        0  stopwatch_18xx_43xx.o(i.StopWatch_Start)
    i.StopWatch_TicksToMs                    0x1a0011dc   Section        0  stopwatch_18xx_43xx.o(i.StopWatch_TicksToMs)
    i.SystemCoreClockUpdate                  0x1a0011ec   Section        0  chip_18xx_43xx.o(i.SystemCoreClockUpdate)
    i.SystemInit                             0x1a001200   Section        0  sysinit.o(i.SystemInit)
    i.Timer_DeInit                           0x1a001218   Section        0  timer.o(i.Timer_DeInit)
    i.Timer_GetTimestamp                     0x1a00122c   Section        0  timer.o(i.Timer_GetTimestamp)
    i.Timer_HasTimestampExpired              0x1a00123a   Section        0  timer.o(i.Timer_HasTimestampExpired)
    i.Timer_init                             0x1a00126e   Section        0  timer.o(i.Timer_init)
    i._sys_exit                              0x1a00127a   Section        0  board.o(i._sys_exit)
    i.a_to_i                                 0x1a001280   Section        0  isp_iap.o(i.a_to_i)
    i.blank_check                            0x1a0012b8   Section        0  isp_iap.o(i.blank_check)
    i.check_isp_entry_pin                    0x1a0013a0   Section        0  isp_iap.o(i.check_isp_entry_pin)
    i.chksum16                               0x1a0013d8   Section        0  comms.o(i.chksum16)
    i.comm_handshake                         0x1a00140c   Section        0  comms.o(i.comm_handshake)
    i.comms_process                          0x1a001498   Section        0  comms.o(i.comms_process)
    i.compare_mem                            0x1a0014a0   Section        0  isp_iap.o(i.compare_mem)
    i.convertTimmingParam                    0x1a001540   Section        0  emc_18xx_43xx.o(i.convertTimmingParam)
    convertTimmingParam                      0x1a001541   Thumb Code    50  emc_18xx_43xx.o(i.convertTimmingParam)
    i.copy                                   0x1a001578   Section        0  isp_iap.o(i.copy)
    i.decode                                 0x1a001658   Section        0  isp_iap.o(i.decode)
    i.encode                                 0x1a00166a   Section        0  isp_iap.o(i.encode)
    i.enter_isp                              0x1a00167a   Section        0  sbl_main.o(i.enter_isp)
    i.erase                                  0x1a001694   Section        0  isp_iap.o(i.erase)
    i.exec_isp_cmd                           0x1a0017e0   Section        0  isp_iap.o(i.exec_isp_cmd)
    i.execute_user_code                      0x1a001968   Section        0  isp_iap.o(i.execute_user_code)
    i.filter                                 0x1a001974   Section        0  comms.o(i.filter)
    i.getColsLen                             0x1a001a3c   Section        0  emc_18xx_43xx.o(i.getColsLen)
    getColsLen                               0x1a001a3d   Thumb Code    40  emc_18xx_43xx.o(i.getColsLen)
    i.getline                                0x1a001a64   Section        0  comms.o(i.getline)
    i.getline_ex                             0x1a001a86   Section        0  comms.o(i.getline_ex)
    i.go_cmd                                 0x1a001b88   Section        0  isp_iap.o(i.go_cmd)
    i.i_to_a                                 0x1a001be8   Section        0  isp_iap.o(i.i_to_a)
    i.iap_entry                              0x1a001c34   Section        0  isp_iap.o(i.iap_entry)
    iap_entry                                0x1a001c35   Thumb Code    18  isp_iap.o(i.iap_entry)
    i.incIndex                               0x1a001c4c   Section        0  comms.o(i.incIndex)
    incIndex                                 0x1a001c4d   Thumb Code    10  comms.o(i.incIndex)
    i.initDynMem                             0x1a001c56   Section        0  emc_18xx_43xx.o(i.initDynMem)
    i.initStaticMem                          0x1a001e3e   Section        0  emc_18xx_43xx.o(i.initStaticMem)
    i.init_comms                             0x1a001ea8   Section        0  comms.o(i.init_comms)
    i.is_div                                 0x1a001fc8   Section        0  isp_iap.o(i.is_div)
    i.isp_cmd_loop                           0x1a001fd8   Section        0  isp_iap.o(i.isp_cmd_loop)
    i.localMsDelay                           0x1a002124   Section        0  comms.o(i.localMsDelay)
    localMsDelay                             0x1a002125   Thumb Code    16  comms.o(i.localMsDelay)
    i.lpcPHYStsPoll                          0x1a002134   Section        0  lpc_phy_dp83848.o(i.lpcPHYStsPoll)
    i.lpc_mii_read                           0x1a0021ac   Section        0  lpc_phy_dp83848.o(i.lpc_mii_read)
    lpc_mii_read                             0x1a0021ad   Thumb Code    70  lpc_phy_dp83848.o(i.lpc_mii_read)
    i.lpc_mii_write                          0x1a0021fc   Section        0  lpc_phy_dp83848.o(i.lpc_mii_write)
    lpc_mii_write                            0x1a0021fd   Thumb Code    62  lpc_phy_dp83848.o(i.lpc_mii_write)
    i.lpc_phy_init                           0x1a002244   Section        0  lpc_phy_dp83848.o(i.lpc_phy_init)
    i.lpc_update_phy_sts                     0x1a0022d4   Section        0  lpc_phy_dp83848.o(i.lpc_update_phy_sts)
    lpc_update_phy_sts                       0x1a0022d5   Thumb Code   138  lpc_phy_dp83848.o(i.lpc_update_phy_sts)
    i.main                                   0x1a002368   Section        0  sbl_main.o(i.main)
    i.param_check                            0x1a002384   Section        0  isp_iap.o(i.param_check)
    i.prepare_sector                         0x1a00246c   Section        0  isp_iap.o(i.prepare_sector)
    i.read                                   0x1a0024f0   Section        0  isp_iap.o(i.read)
    i.sendline_crlf                          0x1a0025d0   Section        0  comms.o(i.sendline_crlf)
    i.str_cmp                                0x1a00273c   Section        0  isp_iap.o(i.str_cmp)
    i.tokenize                               0x1a002762   Section        0  isp_iap.o(i.tokenize)
    i.unlock                                 0x1a0027d0   Section        0  isp_iap.o(i.unlock)
    i.user_code_present                      0x1a002814   Section        0  isp_iap.o(i.user_code_present)
    i.uudecode                               0x1a002844   Section        0  isp_iap.o(i.uudecode)
    i.uuencode                               0x1a00290c   Section        0  isp_iap.o(i.uuencode)
    i.write_to_ram                           0x1a002994   Section        0  isp_iap.o(i.write_to_ram)
    .constdata                               0x1a002aa8   Section       16  comms.o(.constdata)
    sync                                     0x1a002aa8   Data          13  comms.o(.constdata)
    Ok                                       0x1a002ab5   Data           3  comms.o(.constdata)
    .constdata                               0x1a002ab8   Section       27  isp_iap.o(.constdata)
    .constdata                               0x1a002ad4   Section       90  clock_18xx_43xx.o(.constdata)
    periph_to_base                           0x1a002ad4   Data          90  clock_18xx_43xx.o(.constdata)
    .constdata                               0x1a002b2e   Section       60  sysinit_18xx_43xx.o(.constdata)
    InitClkStates                            0x1a002b2e   Data          60  sysinit_18xx_43xx.o(.constdata)
    .constdata                               0x1a002b6c   Section       24  board.o(.constdata)
    ledports                                 0x1a002b6c   Data           8  board.o(.constdata)
    ledbits                                  0x1a002b74   Data           8  board.o(.constdata)
    .constdata                               0x1a002b84   Section      700  board_sysinit.o(.constdata)
    InitClkStates                            0x1a002b84   Data          16  board_sysinit.o(.constdata)
    spifipinmuxing                           0x1a002b94   Data          24  board_sysinit.o(.constdata)
    pinmuxing                                0x1a002bac   Data         496  board_sysinit.o(.constdata)
    pinclockmuxing                           0x1a002d9c   Data          16  board_sysinit.o(.constdata)
    MT48LC4M32_config                        0x1a002dac   Data         116  board_sysinit.o(.constdata)
    S29GL64N90_config                        0x1a002e20   Data          32  board_sysinit.o(.constdata)

    Global Symbols

    Symbol Name                              Value     Ov Type        Size  Object(Section)

    BuildAttributes$$THM_ISAv4$P$D$K$B$S$PE$A:L22UL41UL21$X:L11$S22US41US21$IEEE1$IW$USESV6$~STKCKD$USESV7$~SHL$OSPACE$ROPI$EBA8$UX$STANDARDLIB$REQ8$PRES8$EABIv2 0x00000000   Number         0  anon$$obj.o ABSOLUTE
    __ARM_use_no_argv                        0x00000000   Number         0  sbl_main.o ABSOLUTE
    __ARM_exceptions_init                     - Undefined Weak Reference
    __alloca_initialize                       - Undefined Weak Reference
    __arm_preinit_                            - Undefined Weak Reference
    __cpp_initialize__aeabi_                  - Undefined Weak Reference
    __cxa_finalize                            - Undefined Weak Reference
    __rt_locale                               - Undefined Weak Reference
    __sigvec_lookup                           - Undefined Weak Reference
    _atexit_init                              - Undefined Weak Reference
    _call_atexit_fns                          - Undefined Weak Reference
    _clock_init                               - Undefined Weak Reference
    _fp_trap_init                             - Undefined Weak Reference
    _fp_trap_shutdown                         - Undefined Weak Reference
    _get_lc_collate                           - Undefined Weak Reference
    _get_lc_ctype                             - Undefined Weak Reference
    _get_lc_monetary                          - Undefined Weak Reference
    _get_lc_numeric                           - Undefined Weak Reference
    _get_lc_time                              - Undefined Weak Reference
    _getenv_init                              - Undefined Weak Reference
    _handle_redirection                       - Undefined Weak Reference
    _init_alloc                               - Undefined Weak Reference
    _init_user_alloc                          - Undefined Weak Reference
    _initio                                   - Undefined Weak Reference
    _rand_init                                - Undefined Weak Reference
    _signal_finish                            - Undefined Weak Reference
    _signal_init                              - Undefined Weak Reference
    _terminate_alloc                          - Undefined Weak Reference
    _terminate_user_alloc                     - Undefined Weak Reference
    _terminateio                              - Undefined Weak Reference
    lock                                     0x10000048   Data           4  isp_iap.o(.data)
    crp_after_reset                          0x1000004c   Data           4  isp_iap.o(.data)
    SystemCoreClock                          0x1000005c   Data           4  chip_18xx_43xx.o(.data)
    cmd_buf                                  0x1000317c   Data          70  isp_iap.o(.bss)
    param0                                   0x100031c2   Data          15  isp_iap.o(.bss)
    param1                                   0x100031d1   Data          15  isp_iap.o(.bss)
    param2                                   0x100031e0   Data          15  isp_iap.o(.bss)
    param3                                   0x100031ef   Data          15  isp_iap.o(.bss)
    param4                                   0x100031fe   Data          15  isp_iap.o(.bss)
    param_buf                                0x10003210   Data          20  isp_iap.o(.bss)
    param_table                              0x10003224   Data          20  isp_iap.o(.bss)
    result_table                             0x10003238   Data          20  isp_iap.o(.bss)
    __libspace_start                         0x1000324c   Data          96  libspace.o(.bss)
    __temporary_stack_top$libspace           0x100032ac   Data           0  libspace.o(.bss)
    __Vectors                                0x1a000000   Data           4  keil_startup_lpc18xx43xx.o(RESET)
    __main                                   0x1a000115   Thumb Code     8  __main.o(!!!main)
    __scatterload                            0x1a00011d   Thumb Code     0  __scatter.o(!!!scatter)
    __scatterload_rt2                        0x1a00011d   Thumb Code    44  __scatter.o(!!!scatter)
    __scatterload_rt2_thumb_only             0x1a00011d   Thumb Code     0  __scatter.o(!!!scatter)
    __scatterload_null                       0x1a00012b   Thumb Code     0  __scatter.o(!!!scatter)
    __scatterload_copy                       0x1a000151   Thumb Code    26  __scatter_copy.o(!!handler_copy)
    __scatterload_zeroinit                   0x1a00016d   Thumb Code    28  __scatter_zi.o(!!handler_zi)
    __rt_lib_init                            0x1a000189   Thumb Code     0  libinit.o(.ARM.Collect$$libinit$$00000000)
    __rt_lib_init_alloca_1                   0x1a00018b   Thumb Code     0  libinit2.o(.ARM.Collect$$libinit$$0000002E)
    __rt_lib_init_argv_1                     0x1a00018b   Thumb Code     0  libinit2.o(.ARM.Collect$$libinit$$0000002C)
    __rt_lib_init_atexit_1                   0x1a00018b   Thumb Code     0  libinit2.o(.ARM.Collect$$libinit$$0000001B)
    __rt_lib_init_clock_1                    0x1a00018b   Thumb Code     0  libinit2.o(.ARM.Collect$$libinit$$00000021)
    __rt_lib_init_cpp_1                      0x1a00018b   Thumb Code     0  libinit2.o(.ARM.Collect$$libinit$$00000032)
    __rt_lib_init_exceptions_1               0x1a00018b   Thumb Code     0  libinit2.o(.ARM.Collect$$libinit$$00000030)
    __rt_lib_init_fp_1                       0x1a00018b   Thumb Code     0  libinit2.o(.ARM.Collect$$libinit$$00000002)
    __rt_lib_init_fp_trap_1                  0x1a00018b   Thumb Code     0  libinit2.o(.ARM.Collect$$libinit$$0000001F)
    __rt_lib_init_getenv_1                   0x1a00018b   Thumb Code     0  libinit2.o(.ARM.Collect$$libinit$$00000023)
    __rt_lib_init_heap_1                     0x1a00018b   Thumb Code     0  libinit2.o(.ARM.Collect$$libinit$$0000000A)
    __rt_lib_init_lc_collate_1               0x1a00018b   Thumb Code     0  libinit2.o(.ARM.Collect$$libinit$$00000011)
    __rt_lib_init_lc_ctype_1                 0x1a00018b   Thumb Code     0  libinit2.o(.ARM.Collect$$libinit$$00000013)
    __rt_lib_init_lc_monetary_1              0x1a00018b   Thumb Code     0  libinit2.o(.ARM.Collect$$libinit$$00000015)
    __rt_lib_init_lc_numeric_1               0x1a00018b   Thumb Code     0  libinit2.o(.ARM.Collect$$libinit$$00000017)
    __rt_lib_init_lc_time_1                  0x1a00018b   Thumb Code     0  libinit2.o(.ARM.Collect$$libinit$$00000019)
    __rt_lib_init_preinit_1                  0x1a00018b   Thumb Code     0  libinit2.o(.ARM.Collect$$libinit$$00000004)
    __rt_lib_init_rand_1                     0x1a00018b   Thumb Code     0  libinit2.o(.ARM.Collect$$libinit$$0000000E)
    __rt_lib_init_return                     0x1a00018b   Thumb Code     0  libinit2.o(.ARM.Collect$$libinit$$00000033)
    __rt_lib_init_signal_1                   0x1a00018b   Thumb Code     0  libinit2.o(.ARM.Collect$$libinit$$0000001D)
    __rt_lib_init_stdio_1                    0x1a00018b   Thumb Code     0  libinit2.o(.ARM.Collect$$libinit$$00000025)
    __rt_lib_init_user_alloc_1               0x1a00018b   Thumb Code     0  libinit2.o(.ARM.Collect$$libinit$$0000000C)
    __rt_lib_shutdown                        0x1a00018d   Thumb Code     0  libshutdown.o(.ARM.Collect$$libshutdown$$00000000)
    __rt_lib_shutdown_fp_trap_1              0x1a00018f   Thumb Code     0  libshutdown2.o(.ARM.Collect$$libshutdown$$00000006)
    __rt_lib_shutdown_heap_1                 0x1a00018f   Thumb Code     0  libshutdown2.o(.ARM.Collect$$libshutdown$$0000000E)
    __rt_lib_shutdown_return                 0x1a00018f   Thumb Code     0  libshutdown2.o(.ARM.Collect$$libshutdown$$0000000F)
    __rt_lib_shutdown_signal_1               0x1a00018f   Thumb Code     0  libshutdown2.o(.ARM.Collect$$libshutdown$$00000009)
    __rt_lib_shutdown_stdio_1                0x1a00018f   Thumb Code     0  libshutdown2.o(.ARM.Collect$$libshutdown$$00000003)
    __rt_lib_shutdown_user_alloc_1           0x1a00018f   Thumb Code     0  libshutdown2.o(.ARM.Collect$$libshutdown$$0000000B)
    __rt_entry                               0x1a000191   Thumb Code     0  __rtentry.o(.ARM.Collect$$rtentry$$00000000)
    __rt_entry_presh_1                       0x1a000191   Thumb Code     0  __rtentry2.o(.ARM.Collect$$rtentry$$00000002)
    __rt_entry_sh                            0x1a000191   Thumb Code     0  __rtentry4.o(.ARM.Collect$$rtentry$$00000004)
    __rt_entry_li                            0x1a000197   Thumb Code     0  __rtentry2.o(.ARM.Collect$$rtentry$$0000000A)
    __rt_entry_postsh_1                      0x1a000197   Thumb Code     0  __rtentry2.o(.ARM.Collect$$rtentry$$00000009)
    __rt_entry_main                          0x1a00019b   Thumb Code     0  __rtentry2.o(.ARM.Collect$$rtentry$$0000000D)
    __rt_entry_postli_1                      0x1a00019b   Thumb Code     0  __rtentry2.o(.ARM.Collect$$rtentry$$0000000C)
    __rt_exit                                0x1a0001a3   Thumb Code     0  rtexit.o(.ARM.Collect$$rtexit$$00000000)
    __rt_exit_ls                             0x1a0001a5   Thumb Code     0  rtexit2.o(.ARM.Collect$$rtexit$$00000003)
    __rt_exit_prels_1                        0x1a0001a5   Thumb Code     0  rtexit2.o(.ARM.Collect$$rtexit$$00000002)
    __rt_exit_exit                           0x1a0001a9   Thumb Code     0  rtexit2.o(.ARM.Collect$$rtexit$$00000004)
    Reset_Handler                            0x1a0001b1   Thumb Code     8  keil_startup_lpc18xx43xx.o(.text)
    NMI_Handler                              0x1a0001b9   Thumb Code     2  keil_startup_lpc18xx43xx.o(.text)
    HardFault_Handler                        0x1a0001bb   Thumb Code     2  keil_startup_lpc18xx43xx.o(.text)
    MemManage_Handler                        0x1a0001bd   Thumb Code     2  keil_startup_lpc18xx43xx.o(.text)
    BusFault_Handler                         0x1a0001bf   Thumb Code     2  keil_startup_lpc18xx43xx.o(.text)
    UsageFault_Handler                       0x1a0001c1   Thumb Code     2  keil_startup_lpc18xx43xx.o(.text)
    SVC_Handler                              0x1a0001c3   Thumb Code     2  keil_startup_lpc18xx43xx.o(.text)
    DebugMon_Handler                         0x1a0001c5   Thumb Code     2  keil_startup_lpc18xx43xx.o(.text)
    PendSV_Handler                           0x1a0001c7   Thumb Code     2  keil_startup_lpc18xx43xx.o(.text)
    SysTick_Handler                          0x1a0001c9   Thumb Code     2  keil_startup_lpc18xx43xx.o(.text)
    UnHandled_Vector                         0x1a0001cb   Thumb Code     2  keil_startup_lpc18xx43xx.o(.text)
    ADC0_IRQHandler                          0x1a0001cd   Thumb Code     0  keil_startup_lpc18xx43xx.o(.text)
    ADC1_IRQHandler                          0x1a0001cd   Thumb Code     0  keil_startup_lpc18xx43xx.o(.text)
    ADCHS_IRQHandler                         0x1a0001cd   Thumb Code     0  keil_startup_lpc18xx43xx.o(.text)
    ATIMER_IRQHandler                        0x1a0001cd   Thumb Code     0  keil_startup_lpc18xx43xx.o(.text)
    CAN0_IRQHandler                          0x1a0001cd   Thumb Code     0  keil_startup_lpc18xx43xx.o(.text)
    CAN1_IRQHandler                          0x1a0001cd   Thumb Code     0  keil_startup_lpc18xx43xx.o(.text)
    DAC_IRQHandler                           0x1a0001cd   Thumb Code     0  keil_startup_lpc18xx43xx.o(.text)
    DMA_IRQHandler                           0x1a0001cd   Thumb Code     0  keil_startup_lpc18xx43xx.o(.text)
    EVRT_IRQHandler                          0x1a0001cd   Thumb Code     0  keil_startup_lpc18xx43xx.o(.text)
    FLASH_EEPROM_IRQHandler                  0x1a0001cd   Thumb Code     0  keil_startup_lpc18xx43xx.o(.text)
    GINT0_IRQHandler                         0x1a0001cd   Thumb Code     0  keil_startup_lpc18xx43xx.o(.text)
    GINT1_IRQHandler                         0x1a0001cd   Thumb Code     0  keil_startup_lpc18xx43xx.o(.text)
    GPIO0_IRQHandler                         0x1a0001cd   Thumb Code     0  keil_startup_lpc18xx43xx.o(.text)
    GPIO1_IRQHandler                         0x1a0001cd   Thumb Code     0  keil_startup_lpc18xx43xx.o(.text)
    GPIO2_IRQHandler                         0x1a0001cd   Thumb Code     0  keil_startup_lpc18xx43xx.o(.text)
    GPIO3_IRQHandler                         0x1a0001cd   Thumb Code     0  keil_startup_lpc18xx43xx.o(.text)
    GPIO4_IRQHandler                         0x1a0001cd   Thumb Code     0  keil_startup_lpc18xx43xx.o(.text)
    GPIO5_IRQHandler                         0x1a0001cd   Thumb Code     0  keil_startup_lpc18xx43xx.o(.text)
    GPIO6_IRQHandler                         0x1a0001cd   Thumb Code     0  keil_startup_lpc18xx43xx.o(.text)
    GPIO7_IRQHandler                         0x1a0001cd   Thumb Code     0  keil_startup_lpc18xx43xx.o(.text)
    I2C0_IRQHandler                          0x1a0001cd   Thumb Code     0  keil_startup_lpc18xx43xx.o(.text)
    I2C1_IRQHandler                          0x1a0001cd   Thumb Code     0  keil_startup_lpc18xx43xx.o(.text)
    I2S0_IRQHandler                          0x1a0001cd   Thumb Code     0  keil_startup_lpc18xx43xx.o(.text)
    I2S1_IRQHandler                          0x1a0001cd   Thumb Code     0  keil_startup_lpc18xx43xx.o(.text)
    LCD_IRQHandler                           0x1a0001cd   Thumb Code     0  keil_startup_lpc18xx43xx.o(.text)
    M0APP_IRQHandler                         0x1a0001cd   Thumb Code     0  keil_startup_lpc18xx43xx.o(.text)
    M0SUB_IRQHandler                         0x1a0001cd   Thumb Code     0  keil_startup_lpc18xx43xx.o(.text)
    MCPWM_IRQHandler                         0x1a0001cd   Thumb Code     0  keil_startup_lpc18xx43xx.o(.text)
    QEI_IRQHandler                           0x1a0001cd   Thumb Code     0  keil_startup_lpc18xx43xx.o(.text)
    RIT_IRQHandler                           0x1a0001cd   Thumb Code     0  keil_startup_lpc18xx43xx.o(.text)
    RTC_IRQHandler                           0x1a0001cd   Thumb Code     0  keil_startup_lpc18xx43xx.o(.text)
    SCT_IRQHandler                           0x1a0001cd   Thumb Code     0  keil_startup_lpc18xx43xx.o(.text)
    SDIO_IRQHandler                          0x1a0001cd   Thumb Code     0  keil_startup_lpc18xx43xx.o(.text)
    SGPIO_IRQHandler                         0x1a0001cd   Thumb Code     0  keil_startup_lpc18xx43xx.o(.text)
    SPIFI_IRQHandler                         0x1a0001cd   Thumb Code     0  keil_startup_lpc18xx43xx.o(.text)
    SPI_IRQHandler                           0x1a0001cd   Thumb Code     0  keil_startup_lpc18xx43xx.o(.text)
    SSP0_IRQHandler                          0x1a0001cd   Thumb Code     0  keil_startup_lpc18xx43xx.o(.text)
    SSP1_IRQHandler                          0x1a0001cd   Thumb Code     0  keil_startup_lpc18xx43xx.o(.text)
    TIMER0_IRQHandler                        0x1a0001cd   Thumb Code     0  keil_startup_lpc18xx43xx.o(.text)
    TIMER1_IRQHandler                        0x1a0001cd   Thumb Code     0  keil_startup_lpc18xx43xx.o(.text)
    TIMER2_IRQHandler                        0x1a0001cd   Thumb Code     0  keil_startup_lpc18xx43xx.o(.text)
    TIMER3_IRQHandler                        0x1a0001cd   Thumb Code     0  keil_startup_lpc18xx43xx.o(.text)
    UART0_IRQHandler                         0x1a0001cd   Thumb Code     0  keil_startup_lpc18xx43xx.o(.text)
    UART1_IRQHandler                         0x1a0001cd   Thumb Code     0  keil_startup_lpc18xx43xx.o(.text)
    UART2_IRQHandler                         0x1a0001cd   Thumb Code     0  keil_startup_lpc18xx43xx.o(.text)
    UART3_IRQHandler                         0x1a0001cd   Thumb Code     0  keil_startup_lpc18xx43xx.o(.text)
    USB0_IRQHandler                          0x1a0001cd   Thumb Code     0  keil_startup_lpc18xx43xx.o(.text)
    USB1_IRQHandler                          0x1a0001cd   Thumb Code     0  keil_startup_lpc18xx43xx.o(.text)
    WDT_IRQHandler                           0x1a0001cd   Thumb Code     0  keil_startup_lpc18xx43xx.o(.text)
    __user_initial_stackheap                 0x1a0001d1   Thumb Code     0  keil_startup_lpc18xx43xx.o(.text)
    __aeabi_memcpy                           0x1a0001f1   Thumb Code     0  rt_memcpy_v6.o(.text)
    __rt_memcpy                              0x1a0001f1   Thumb Code   138  rt_memcpy_v6.o(.text)
    _memcpy_lastbytes                        0x1a000257   Thumb Code     0  rt_memcpy_v6.o(.text)
    __aeabi_memclr4                          0x1a00027b   Thumb Code     0  rt_memclr_w.o(.text)
    __aeabi_memclr8                          0x1a00027b   Thumb Code     0  rt_memclr_w.o(.text)
    __rt_memclr_w                            0x1a00027b   Thumb Code    78  rt_memclr_w.o(.text)
    _memset_w                                0x1a00027f   Thumb Code     0  rt_memclr_w.o(.text)
    __use_two_region_memory                  0x1a0002c9   Thumb Code     2  heapauxi.o(.text)
    __rt_heap_escrow$2region                 0x1a0002cb   Thumb Code     2  heapauxi.o(.text)
    __rt_heap_expand$2region                 0x1a0002cd   Thumb Code     2  heapauxi.o(.text)
    exit                                     0x1a0002cf   Thumb Code    12  exit.o(.text)
    __user_libspace                          0x1a0002dd   Thumb Code     8  libspace.o(.text)
    __user_perproc_libspace                  0x1a0002dd   Thumb Code     0  libspace.o(.text)
    __user_perthread_libspace                0x1a0002dd   Thumb Code     0  libspace.o(.text)
    Board_SystemInit                         0x1a0002e5   Thumb Code    16  board_sysinit.o(i.Board_SystemInit)
    Chip_GPIO_Init                           0x1a0002f5   Thumb Code     2  gpio_18xx_43xx.o(i.Chip_GPIO_Init)
    ETH_IRQHandler                           0x1a0002f7   Thumb Code     2  comms.o(i.ETH_IRQHandler)
    crp                                      0x1a0002fc   Data           4  sbl_main.o(.ARM.__at_0x1A0002FC)
    __aeabi_memcpy4                          0x1a000301   Thumb Code     0  rt_memcpy_w.o(.text)
    __aeabi_memcpy8                          0x1a000301   Thumb Code     0  rt_memcpy_w.o(.text)
    __rt_memcpy_w                            0x1a000301   Thumb Code   100  rt_memcpy_w.o(.text)
    _memcpy_lastbytes_aligned                0x1a000349   Thumb Code     0  rt_memcpy_w.o(.text)
    __user_setup_stackheap                   0x1a000365   Thumb Code    74  sys_stackheap_outer.o(.text)
    Board_Init                               0x1a0003b1   Thumb Code    62  board.o(i.Board_Init)
    Board_SetupClocking                      0x1a000439   Thumb Code   158  board_sysinit.o(i.Board_SetupClocking)
    Board_SetupExtMemory                     0x1a0004ed   Thumb Code    82  board_sysinit.o(i.Board_SetupExtMemory)
    Board_SetupMuxing                        0x1a000559   Thumb Code    58  board_sysinit.o(i.Board_SetupMuxing)
    Chip_Clock_DisableMainPLL                0x1a0005a5   Thumb Code    14  clock_18xx_43xx.o(i.Chip_Clock_DisableMainPLL)
    Chip_Clock_Enable                        0x1a0005b9   Thumb Code    46  clock_18xx_43xx.o(i.Chip_Clock_Enable)
    Chip_Clock_EnableCrystal                 0x1a0005f1   Thumb Code    62  clock_18xx_43xx.o(i.Chip_Clock_EnableCrystal)
    Chip_Clock_EnableOpts                    0x1a00063d   Thumb Code    52  clock_18xx_43xx.o(i.Chip_Clock_EnableOpts)
    Chip_Clock_GetBaseClock                  0x1a0006c9   Thumb Code    32  clock_18xx_43xx.o(i.Chip_Clock_GetBaseClock)
    Chip_Clock_GetBaseClocktHz               0x1a0006ed   Thumb Code    18  clock_18xx_43xx.o(i.Chip_Clock_GetBaseClocktHz)
    Chip_Clock_GetClockInputHz               0x1a000701   Thumb Code   182  clock_18xx_43xx.o(i.Chip_Clock_GetClockInputHz)
    Chip_Clock_GetDividerDivisor             0x1a0007fd   Thumb Code    18  clock_18xx_43xx.o(i.Chip_Clock_GetDividerDivisor)
    Chip_Clock_GetDividerSource              0x1a00081d   Thumb Code    26  clock_18xx_43xx.o(i.Chip_Clock_GetDividerSource)
    Chip_Clock_GetEMCRate                    0x1a00083d   Thumb Code    38  clock_18xx_43xx.o(i.Chip_Clock_GetEMCRate)
    Chip_Clock_GetMainPLLHz                  0x1a00086d   Thumb Code   110  clock_18xx_43xx.o(i.Chip_Clock_GetMainPLLHz)
    Chip_Clock_GetRate                       0x1a0008e5   Thumb Code    78  clock_18xx_43xx.o(i.Chip_Clock_GetRate)
    Chip_Clock_SetBaseClock                  0x1a00093d   Thumb Code    64  clock_18xx_43xx.o(i.Chip_Clock_SetBaseClock)
    Chip_Clock_SetDivider                    0x1a000985   Thumb Code    64  clock_18xx_43xx.o(i.Chip_Clock_SetDivider)
    Chip_Clock_SetupMainPLLHz                0x1a0009d5   Thumb Code   190  clock_18xx_43xx.o(i.Chip_Clock_SetupMainPLLHz)
    Chip_Clock_SetupMainPLLMult              0x1a000a95   Thumb Code   160  clock_18xx_43xx.o(i.Chip_Clock_SetupMainPLLMult)
    Chip_EMC_Dynamic_Init                    0x1a000b65   Thumb Code    22  emc_18xx_43xx.o(i.Chip_EMC_Dynamic_Init)
    Chip_EMC_Init                            0x1a000b81   Thumb Code    40  emc_18xx_43xx.o(i.Chip_EMC_Init)
    Chip_EMC_Static_Init                     0x1a000bad   Thumb Code    22  emc_18xx_43xx.o(i.Chip_EMC_Static_Init)
    Chip_ENET_Init                           0x1a000bc9   Thumb Code   122  enet_18xx_43xx.o(i.Chip_ENET_Init)
    Chip_ENET_SetDuplex                      0x1a000c55   Thumb Code    22  enet_18xx_43xx.o(i.Chip_ENET_SetDuplex)
    Chip_ENET_SetSpeed                       0x1a000c6b   Thumb Code    22  enet_18xx_43xx.o(i.Chip_ENET_SetSpeed)
    Chip_ENET_SetupMII                       0x1a000c81   Thumb Code    14  enet_18xx_43xx.o(i.Chip_ENET_SetupMII)
    Chip_ENET_StartMIIRead                   0x1a000c95   Thumb Code    20  enet_18xx_43xx.o(i.Chip_ENET_StartMIIRead)
    Chip_ENET_StartMIIWrite                  0x1a000cad   Thumb Code    26  enet_18xx_43xx.o(i.Chip_ENET_StartMIIWrite)
    Chip_RGU_InReset                         0x1a000ccd   Thumb Code    52  rgu_18xx_43xx.o(i.Chip_RGU_InReset)
    Chip_RGU_TriggerReset                    0x1a000d05   Thumb Code    38  rgu_18xx_43xx.o(i.Chip_RGU_TriggerReset)
    Chip_SetupCoreClock                      0x1a000d71   Thumb Code   138  sysinit_18xx_43xx.o(i.Chip_SetupCoreClock)
    Chip_TIMER_Init                          0x1a000e3d   Thumb Code    18  timer_18xx_43xx.o(i.Chip_TIMER_Init)
    StopWatch_Init                           0x1a001171   Thumb Code    76  stopwatch_18xx_43xx.o(i.StopWatch_Init)
    StopWatch_Start                          0x1a0011d1   Thumb Code     8  stopwatch_18xx_43xx.o(i.StopWatch_Start)
    StopWatch_TicksToMs                      0x1a0011dd   Thumb Code    12  stopwatch_18xx_43xx.o(i.StopWatch_TicksToMs)
    SystemCoreClockUpdate                    0x1a0011ed   Thumb Code    14  chip_18xx_43xx.o(i.SystemCoreClockUpdate)
    SystemInit                               0x1a001201   Thumb Code    14  sysinit.o(i.SystemInit)
    Timer_DeInit                             0x1a001219   Thumb Code    14  timer.o(i.Timer_DeInit)
    Timer_GetTimestamp                       0x1a00122d   Thumb Code    14  timer.o(i.Timer_GetTimestamp)
    Timer_HasTimestampExpired                0x1a00123b   Thumb Code    52  timer.o(i.Timer_HasTimestampExpired)
    Timer_init                               0x1a00126f   Thumb Code    12  timer.o(i.Timer_init)
    _sys_exit                                0x1a00127b   Thumb Code     6  board.o(i._sys_exit)
    a_to_i                                   0x1a001281   Thumb Code    54  isp_iap.o(i.a_to_i)
    blank_check                              0x1a0012b9   Thumb Code   206  isp_iap.o(i.blank_check)
    check_isp_entry_pin                      0x1a0013a1   Thumb Code    46  isp_iap.o(i.check_isp_entry_pin)
    chksum16                                 0x1a0013d9   Thumb Code    52  comms.o(i.chksum16)
    comm_handshake                           0x1a00140d   Thumb Code   108  comms.o(i.comm_handshake)
    comms_process                            0x1a001499   Thumb Code     8  comms.o(i.comms_process)
    compare_mem                              0x1a0014a1   Thumb Code   146  isp_iap.o(i.compare_mem)
    copy                                     0x1a001579   Thumb Code   192  isp_iap.o(i.copy)
    decode                                   0x1a001659   Thumb Code    18  isp_iap.o(i.decode)
    encode                                   0x1a00166b   Thumb Code    16  isp_iap.o(i.encode)
    enter_isp                                0x1a00167b   Thumb Code    24  sbl_main.o(i.enter_isp)
    erase                                    0x1a001695   Thumb Code   294  isp_iap.o(i.erase)
    exec_isp_cmd                             0x1a0017e1   Thumb Code   378  isp_iap.o(i.exec_isp_cmd)
    execute_user_code                        0x1a001969   Thumb Code     8  isp_iap.o(i.execute_user_code)
    filter                                   0x1a001975   Thumb Code   176  comms.o(i.filter)
    getline                                  0x1a001a65   Thumb Code    34  comms.o(i.getline)
    getline_ex                               0x1a001a87   Thumb Code   258  comms.o(i.getline_ex)
    go_cmd                                   0x1a001b89   Thumb Code    86  isp_iap.o(i.go_cmd)
    i_to_a                                   0x1a001be9   Thumb Code    74  isp_iap.o(i.i_to_a)
    initDynMem                               0x1a001c57   Thumb Code   488  emc_18xx_43xx.o(i.initDynMem)
    initStaticMem                            0x1a001e3f   Thumb Code   104  emc_18xx_43xx.o(i.initStaticMem)
    init_comms                               0x1a001ea9   Thumb Code   252  comms.o(i.init_comms)
    is_div                                   0x1a001fc9   Thumb Code    16  isp_iap.o(i.is_div)
    isp_cmd_loop                             0x1a001fd9   Thumb Code   284  isp_iap.o(i.isp_cmd_loop)
    lpcPHYStsPoll                            0x1a002135   Thumb Code   106  lpc_phy_dp83848.o(i.lpcPHYStsPoll)
    lpc_phy_init                             0x1a002245   Thumb Code   128  lpc_phy_dp83848.o(i.lpc_phy_init)
    main                                     0x1a002369   Thumb Code    26  sbl_main.o(i.main)
    param_check                              0x1a002385   Thumb Code   214  isp_iap.o(i.param_check)
    prepare_sector                           0x1a00246d   Thumb Code   118  isp_iap.o(i.prepare_sector)
    read                                     0x1a0024f1   Thumb Code   210  isp_iap.o(i.read)
    sendline_crlf                            0x1a0025d1   Thumb Code   330  comms.o(i.sendline_crlf)
    str_cmp                                  0x1a00273d   Thumb Code    38  isp_iap.o(i.str_cmp)
    tokenize                                 0x1a002763   Thumb Code   110  isp_iap.o(i.tokenize)
    unlock                                   0x1a0027d1   Thumb Code    60  isp_iap.o(i.unlock)
    user_code_present                        0x1a002815   Thumb Code    40  isp_iap.o(i.user_code_present)
    uudecode                                 0x1a002845   Thumb Code   200  isp_iap.o(i.uudecode)
    uuencode                                 0x1a00290d   Thumb Code   136  isp_iap.o(i.uuencode)
    write_to_ram                             0x1a002995   Thumb Code   250  isp_iap.o(i.write_to_ram)
    unlock_code                              0x1a002ab8   Data           4  isp_iap.o(.constdata)
    sync_str                                 0x1a002abc   Data          13  isp_iap.o(.constdata)
    ok                                       0x1a002ac9   Data           3  isp_iap.o(.constdata)
    resend                                   0x1a002acc   Data           7  isp_iap.o(.constdata)
    ExtRateIn                                0x1a002b7c   Data           4  board.o(.constdata)
    OscRateIn                                0x1a002b80   Data           4  board.o(.constdata)
    Region$$Table$$Base                      0x1a002e40   Number         0  anon$$obj.o(Region$$Table)
    Region$$Table$$Limit                     0x1a002e60   Number         0  anon$$obj.o(Region$$Table)



==============================================================================

Memory Map of the image

  Image Entry point : 0x1a000115

  Load Region LR_IROM1 (Base: 0x1a000000, Size: 0x00002edc, Max: 0x00080000, ABSOLUTE)

    Execution Region RW_IRAM1 (Base: 0x10000000, Size: 0x000035b0, Max: 0x00008000, ABSOLUTE)

    Base Addr    Size         Type   Attr      Idx    E Section Name        Object

    0x10000000   0x00000045   Data   RW          246    .data               comms.o
    0x10000045   0x00000003   PAD
    0x10000048   0x00000008   Data   RW          379    .data               isp_iap.o
    0x10000050   0x00000004   Data   RW          600    .data               enet_18xx_43xx.o
    0x10000054   0x00000008   Data   RW          825    .data               clock_18xx_43xx.o
    0x1000005c   0x00000004   Data   RW         1048    .data               chip_18xx_43xx.o
    0x10000060   0x0000000c   Data   RW         1312    .data               stopwatch_18xx_43xx.o
    0x1000006c   0x00000010   Data   RW         1546    .data               lpc_phy_dp83848.o
    0x1000007c   0x00003100   Zero   RW          244    .bss                comms.o
    0x1000317c   0x000000d0   Zero   RW          377    .bss                isp_iap.o
    0x1000324c   0x00000060   Zero   RW         1652    .bss                c_w.l(libspace.o)
    0x100032ac   0x00000004   PAD
    0x100032b0   0x00000000   Zero   RW         1586    HEAP                keil_startup_lpc18xx43xx.o
    0x100032b0   0x00000300   Zero   RW         1585    STACK               keil_startup_lpc18xx43xx.o


    Execution Region ER_IROM1 (Base: 0x1a000000, Size: 0x00002e60, Max: 0x00080000, ABSOLUTE)

    Base Addr    Size         Type   Attr      Idx    E Section Name        Object

    0x1a000000   0x00000114   Data   RO         1587    RESET               keil_startup_lpc18xx43xx.o
    0x1a000114   0x00000008   Code   RO         1621  * !!!main             c_w.l(__main.o)
    0x1a00011c   0x00000034   Code   RO         1777    !!!scatter          c_w.l(__scatter.o)
    0x1a000150   0x0000001a   Code   RO         1779    !!handler_copy      c_w.l(__scatter_copy.o)
    0x1a00016a   0x00000002   PAD
    0x1a00016c   0x0000001c   Code   RO         1781    !!handler_zi        c_w.l(__scatter_zi.o)
    0x1a000188   0x00000002   Code   RO         1650    .ARM.Collect$$libinit$$00000000  c_w.l(libinit.o)
    0x1a00018a   0x00000000   Code   RO         1657    .ARM.Collect$$libinit$$00000002  c_w.l(libinit2.o)
    0x1a00018a   0x00000000   Code   RO         1659    .ARM.Collect$$libinit$$00000004  c_w.l(libinit2.o)
    0x1a00018a   0x00000000   Code   RO         1662    .ARM.Collect$$libinit$$0000000A  c_w.l(libinit2.o)
    0x1a00018a   0x00000000   Code   RO         1664    .ARM.Collect$$libinit$$0000000C  c_w.l(libinit2.o)
    0x1a00018a   0x00000000   Code   RO         1666    .ARM.Collect$$libinit$$0000000E  c_w.l(libinit2.o)
    0x1a00018a   0x00000000   Code   RO         1669    .ARM.Collect$$libinit$$00000011  c_w.l(libinit2.o)
    0x1a00018a   0x00000000   Code   RO         1671    .ARM.Collect$$libinit$$00000013  c_w.l(libinit2.o)
    0x1a00018a   0x00000000   Code   RO         1673    .ARM.Collect$$libinit$$00000015  c_w.l(libinit2.o)
    0x1a00018a   0x00000000   Code   RO         1675    .ARM.Collect$$libinit$$00000017  c_w.l(libinit2.o)
    0x1a00018a   0x00000000   Code   RO         1677    .ARM.Collect$$libinit$$00000019  c_w.l(libinit2.o)
    0x1a00018a   0x00000000   Code   RO         1679    .ARM.Collect$$libinit$$0000001B  c_w.l(libinit2.o)
    0x1a00018a   0x00000000   Code   RO         1681    .ARM.Collect$$libinit$$0000001D  c_w.l(libinit2.o)
    0x1a00018a   0x00000000   Code   RO         1683    .ARM.Collect$$libinit$$0000001F  c_w.l(libinit2.o)
    0x1a00018a   0x00000000   Code   RO         1685    .ARM.Collect$$libinit$$00000021  c_w.l(libinit2.o)
    0x1a00018a   0x00000000   Code   RO         1687    .ARM.Collect$$libinit$$00000023  c_w.l(libinit2.o)
    0x1a00018a   0x00000000   Code   RO         1689    .ARM.Collect$$libinit$$00000025  c_w.l(libinit2.o)
    0x1a00018a   0x00000000   Code   RO         1693    .ARM.Collect$$libinit$$0000002C  c_w.l(libinit2.o)
    0x1a00018a   0x00000000   Code   RO         1695    .ARM.Collect$$libinit$$0000002E  c_w.l(libinit2.o)
    0x1a00018a   0x00000000   Code   RO         1697    .ARM.Collect$$libinit$$00000030  c_w.l(libinit2.o)
    0x1a00018a   0x00000000   Code   RO         1699    .ARM.Collect$$libinit$$00000032  c_w.l(libinit2.o)
    0x1a00018a   0x00000002   Code   RO         1700    .ARM.Collect$$libinit$$00000033  c_w.l(libinit2.o)
    0x1a00018c   0x00000002   Code   RO         1718    .ARM.Collect$$libshutdown$$00000000  c_w.l(libshutdown.o)
    0x1a00018e   0x00000000   Code   RO         1729    .ARM.Collect$$libshutdown$$00000003  c_w.l(libshutdown2.o)
    0x1a00018e   0x00000000   Code   RO         1732    .ARM.Collect$$libshutdown$$00000006  c_w.l(libshutdown2.o)
    0x1a00018e   0x00000000   Code   RO         1735    .ARM.Collect$$libshutdown$$00000009  c_w.l(libshutdown2.o)
    0x1a00018e   0x00000000   Code   RO         1737    .ARM.Collect$$libshutdown$$0000000B  c_w.l(libshutdown2.o)
    0x1a00018e   0x00000000   Code   RO         1740    .ARM.Collect$$libshutdown$$0000000E  c_w.l(libshutdown2.o)
    0x1a00018e   0x00000002   Code   RO         1741    .ARM.Collect$$libshutdown$$0000000F  c_w.l(libshutdown2.o)
    0x1a000190   0x00000000   Code   RO         1623    .ARM.Collect$$rtentry$$00000000  c_w.l(__rtentry.o)
    0x1a000190   0x00000000   Code   RO         1627    .ARM.Collect$$rtentry$$00000002  c_w.l(__rtentry2.o)
    0x1a000190   0x00000006   Code   RO         1639    .ARM.Collect$$rtentry$$00000004  c_w.l(__rtentry4.o)
    0x1a000196   0x00000000   Code   RO         1629    .ARM.Collect$$rtentry$$00000009  c_w.l(__rtentry2.o)
    0x1a000196   0x00000004   Code   RO         1630    .ARM.Collect$$rtentry$$0000000A  c_w.l(__rtentry2.o)
    0x1a00019a   0x00000000   Code   RO         1632    .ARM.Collect$$rtentry$$0000000C  c_w.l(__rtentry2.o)
    0x1a00019a   0x00000008   Code   RO         1633    .ARM.Collect$$rtentry$$0000000D  c_w.l(__rtentry2.o)
    0x1a0001a2   0x00000002   Code   RO         1654    .ARM.Collect$$rtexit$$00000000  c_w.l(rtexit.o)
    0x1a0001a4   0x00000000   Code   RO         1702    .ARM.Collect$$rtexit$$00000002  c_w.l(rtexit2.o)
    0x1a0001a4   0x00000004   Code   RO         1703    .ARM.Collect$$rtexit$$00000003  c_w.l(rtexit2.o)
    0x1a0001a8   0x00000006   Code   RO         1704    .ARM.Collect$$rtexit$$00000004  c_w.l(rtexit2.o)
    0x1a0001ae   0x00000002   PAD
    0x1a0001b0   0x00000040   Code   RO         1588    .text               keil_startup_lpc18xx43xx.o
    0x1a0001f0   0x0000008a   Code   RO         1615    .text               c_w.l(rt_memcpy_v6.o)
    0x1a00027a   0x0000004e   Code   RO         1617    .text               c_w.l(rt_memclr_w.o)
    0x1a0002c8   0x00000006   Code   RO         1619    .text               c_w.l(heapauxi.o)
    0x1a0002ce   0x0000000c   Code   RO         1643    .text               c_w.l(exit.o)
    0x1a0002da   0x00000002   PAD
    0x1a0002dc   0x00000008   Code   RO         1651    .text               c_w.l(libspace.o)
    0x1a0002e4   0x00000010   Code   RO         1493    i.Board_SystemInit  board_sysinit.o
    0x1a0002f4   0x00000002   Code   RO         1132    i.Chip_GPIO_Init    gpio_18xx_43xx.o
    0x1a0002f6   0x00000002   Code   RO          232    i.ETH_IRQHandler    comms.o
    0x1a0002f8   0x00000004   PAD
    0x1a0002fc   0x00000004   Data   RO            5    .ARM.__at_0x1A0002FC  sbl_main.o
    0x1a000300   0x00000064   Code   RO         1624    .text               c_w.l(rt_memcpy_w.o)
    0x1a000364   0x0000004a   Code   RO         1641    .text               c_w.l(sys_stackheap_outer.o)
    0x1a0003ae   0x00000002   PAD
    0x1a0003b0   0x0000004c   Code   RO         1374    i.Board_Init        board.o
    0x1a0003fc   0x0000003c   Code   RO         1375    i.Board_LED_Init    board.o
    0x1a000438   0x000000b4   Code   RO         1490    i.Board_SetupClocking  board_sysinit.o
    0x1a0004ec   0x0000006c   Code   RO         1491    i.Board_SetupExtMemory  board_sysinit.o
    0x1a000558   0x0000004c   Code   RO         1492    i.Board_SetupMuxing  board_sysinit.o
    0x1a0005a4   0x00000014   Code   RO          794    i.Chip_Clock_DisableMainPLL  clock_18xx_43xx.o
    0x1a0005b8   0x00000038   Code   RO          796    i.Chip_Clock_Enable  clock_18xx_43xx.o
    0x1a0005f0   0x0000004c   Code   RO          798    i.Chip_Clock_EnableCrystal  clock_18xx_43xx.o
    0x1a00063c   0x0000003c   Code   RO          800    i.Chip_Clock_EnableOpts  clock_18xx_43xx.o
    0x1a000678   0x00000050   Code   RO          802    i.Chip_Clock_FindBaseClock  clock_18xx_43xx.o
    0x1a0006c8   0x00000024   Code   RO          803    i.Chip_Clock_GetBaseClock  clock_18xx_43xx.o
    0x1a0006ec   0x00000012   Code   RO          805    i.Chip_Clock_GetBaseClocktHz  clock_18xx_43xx.o
    0x1a0006fe   0x00000002   PAD
    0x1a000700   0x000000d4   Code   RO          806    i.Chip_Clock_GetClockInputHz  clock_18xx_43xx.o
    0x1a0007d4   0x00000028   Code   RO          807    i.Chip_Clock_GetDivRate  clock_18xx_43xx.o
    0x1a0007fc   0x00000020   Code   RO          808    i.Chip_Clock_GetDividerDivisor  clock_18xx_43xx.o
    0x1a00081c   0x00000020   Code   RO          809    i.Chip_Clock_GetDividerSource  clock_18xx_43xx.o
    0x1a00083c   0x00000030   Code   RO          810    i.Chip_Clock_GetEMCRate  clock_18xx_43xx.o
    0x1a00086c   0x00000078   Code   RO          811    i.Chip_Clock_GetMainPLLHz  clock_18xx_43xx.o
    0x1a0008e4   0x00000058   Code   RO          813    i.Chip_Clock_GetRate  clock_18xx_43xx.o
    0x1a00093c   0x00000048   Code   RO          817    i.Chip_Clock_SetBaseClock  clock_18xx_43xx.o
    0x1a000984   0x00000050   Code   RO          818    i.Chip_Clock_SetDivider  clock_18xx_43xx.o
    0x1a0009d4   0x000000be   Code   RO          819    i.Chip_Clock_SetupMainPLLHz  clock_18xx_43xx.o
    0x1a000a92   0x00000002   PAD
    0x1a000a94   0x000000b0   Code   RO          820    i.Chip_Clock_SetupMainPLLMult  clock_18xx_43xx.o
    0x1a000b44   0x00000020   Code   RO          823    i.Chip_Clock_TestMainPLLMultiplier  clock_18xx_43xx.o
    0x1a000b64   0x0000001c   Code   RO         1185    i.Chip_EMC_Dynamic_Init  emc_18xx_43xx.o
    0x1a000b80   0x0000002c   Code   RO         1187    i.Chip_EMC_Init     emc_18xx_43xx.o
    0x1a000bac   0x0000001c   Code   RO         1190    i.Chip_EMC_Static_Init  emc_18xx_43xx.o
    0x1a000bc8   0x0000008c   Code   RO          594    i.Chip_ENET_Init    enet_18xx_43xx.o
    0x1a000c54   0x00000016   Code   RO          595    i.Chip_ENET_SetDuplex  enet_18xx_43xx.o
    0x1a000c6a   0x00000016   Code   RO          596    i.Chip_ENET_SetSpeed  enet_18xx_43xx.o
    0x1a000c80   0x00000014   Code   RO          597    i.Chip_ENET_SetupMII  enet_18xx_43xx.o
    0x1a000c94   0x00000018   Code   RO          598    i.Chip_ENET_StartMIIRead  enet_18xx_43xx.o
    0x1a000cac   0x00000020   Code   RO          599    i.Chip_ENET_StartMIIWrite  enet_18xx_43xx.o
    0x1a000ccc   0x00000038   Code   RO         1012    i.Chip_RGU_InReset  rgu_18xx_43xx.o
    0x1a000d04   0x0000002c   Code   RO         1013    i.Chip_RGU_TriggerReset  rgu_18xx_43xx.o
    0x1a000d30   0x00000010   Code   RO         1379    i.Chip_SCU_PinMuxSet  board.o
    0x1a000d40   0x00000030   Code   RO         1494    i.Chip_SCU_SetPinMuxing  board_sysinit.o
    0x1a000d70   0x0000009c   Code   RO         1091    i.Chip_SetupCoreClock  sysinit_18xx_43xx.o
    0x1a000e0c   0x00000030   Code   RO         1264    i.Chip_TIMER_GetClockIndex  timer_18xx_43xx.o
    0x1a000e3c   0x00000012   Code   RO         1265    i.Chip_TIMER_Init   timer_18xx_43xx.o
    0x1a000e4e   0x00000002   PAD
    0x1a000e50   0x00000078   Code   RO          228    i.ENET_RXGet        comms.o
    0x1a000ec8   0x000000a4   Code   RO          229    i.ENET_RXQueue      comms.o
    0x1a000f6c   0x0000005c   Code   RO          230    i.ENET_TXBuffClaim  comms.o
    0x1a000fc8   0x000000c4   Code   RO          231    i.ENET_TXQueue      comms.o
    0x1a00108c   0x000000e4   Code   RO          233    i.InitDescriptors   comms.o
    0x1a001170   0x00000060   Code   RO         1305    i.StopWatch_Init    stopwatch_18xx_43xx.o
    0x1a0011d0   0x0000000c   Code   RO         1307    i.StopWatch_Start   stopwatch_18xx_43xx.o
    0x1a0011dc   0x00000010   Code   RO         1309    i.StopWatch_TicksToMs  stopwatch_18xx_43xx.o
    0x1a0011ec   0x00000014   Code   RO         1046    i.SystemCoreClockUpdate  chip_18xx_43xx.o
    0x1a001200   0x00000018   Code   RO         1594    i.SystemInit        sysinit.o
    0x1a001218   0x00000014   Code   RO          546    i.Timer_DeInit      timer.o
    0x1a00122c   0x0000000e   Code   RO          548    i.Timer_GetTimestamp  timer.o
    0x1a00123a   0x00000034   Code   RO          549    i.Timer_HasTimestampExpired  timer.o
    0x1a00126e   0x0000000c   Code   RO          550    i.Timer_init        timer.o
    0x1a00127a   0x00000006   Code   RO         1380    i._sys_exit         board.o
    0x1a001280   0x00000036   Code   RO          349    i.a_to_i            isp_iap.o
    0x1a0012b6   0x00000002   PAD
    0x1a0012b8   0x000000e8   Code   RO          350    i.blank_check       isp_iap.o
    0x1a0013a0   0x00000038   Code   RO          351    i.check_isp_entry_pin  isp_iap.o
    0x1a0013d8   0x00000034   Code   RO          234    i.chksum16          comms.o
    0x1a00140c   0x0000008c   Code   RO          235    i.comm_handshake    comms.o
    0x1a001498   0x00000008   Code   RO          236    i.comms_process     comms.o
    0x1a0014a0   0x000000a0   Code   RO          352    i.compare_mem       isp_iap.o
    0x1a001540   0x00000038   Code   RO         1191    i.convertTimmingParam  emc_18xx_43xx.o
    0x1a001578   0x000000e0   Code   RO          353    i.copy              isp_iap.o
    0x1a001658   0x00000012   Code   RO          354    i.decode            isp_iap.o
    0x1a00166a   0x00000010   Code   RO          357    i.encode            isp_iap.o
    0x1a00167a   0x00000018   Code   RO            3    i.enter_isp         sbl_main.o
    0x1a001692   0x00000002   PAD
    0x1a001694   0x0000014c   Code   RO          358    i.erase             isp_iap.o
    0x1a0017e0   0x00000188   Code   RO          359    i.exec_isp_cmd      isp_iap.o
    0x1a001968   0x0000000c   Code   RO          360    i.execute_user_code  isp_iap.o
    0x1a001974   0x000000c8   Code   RO          237    i.filter            comms.o
    0x1a001a3c   0x00000028   Code   RO         1192    i.getColsLen        emc_18xx_43xx.o
    0x1a001a64   0x00000022   Code   RO          238    i.getline           comms.o
    0x1a001a86   0x00000102   Code   RO          239    i.getline_ex        comms.o
    0x1a001b88   0x00000060   Code   RO          361    i.go_cmd            isp_iap.o
    0x1a001be8   0x0000004a   Code   RO          362    i.i_to_a            isp_iap.o
    0x1a001c32   0x00000002   PAD
    0x1a001c34   0x00000018   Code   RO          363    i.iap_entry         isp_iap.o
    0x1a001c4c   0x0000000a   Code   RO          240    i.incIndex          comms.o
    0x1a001c56   0x000001e8   Code   RO         1193    i.initDynMem        emc_18xx_43xx.o
    0x1a001e3e   0x00000068   Code   RO         1194    i.initStaticMem     emc_18xx_43xx.o
    0x1a001ea6   0x00000002   PAD
    0x1a001ea8   0x00000120   Code   RO          241    i.init_comms        comms.o
    0x1a001fc8   0x00000010   Code   RO          364    i.is_div            isp_iap.o
    0x1a001fd8   0x0000014c   Code   RO          365    i.isp_cmd_loop      isp_iap.o
    0x1a002124   0x00000010   Code   RO          242    i.localMsDelay      comms.o
    0x1a002134   0x00000078   Code   RO         1541    i.lpcPHYStsPoll     lpc_phy_dp83848.o
    0x1a0021ac   0x00000050   Code   RO         1542    i.lpc_mii_read      lpc_phy_dp83848.o
    0x1a0021fc   0x00000048   Code   RO         1543    i.lpc_mii_write     lpc_phy_dp83848.o
    0x1a002244   0x00000090   Code   RO         1544    i.lpc_phy_init      lpc_phy_dp83848.o
    0x1a0022d4   0x00000094   Code   RO         1545    i.lpc_update_phy_sts  lpc_phy_dp83848.o
    0x1a002368   0x0000001a   Code   RO            4    i.main              sbl_main.o
    0x1a002382   0x00000002   PAD
    0x1a002384   0x000000e8   Code   RO          366    i.param_check       isp_iap.o
    0x1a00246c   0x00000084   Code   RO          367    i.prepare_sector    isp_iap.o
    0x1a0024f0   0x000000e0   Code   RO          368    i.read              isp_iap.o
    0x1a0025d0   0x0000016c   Code   RO          243    i.sendline_crlf     comms.o
    0x1a00273c   0x00000026   Code   RO          370    i.str_cmp           isp_iap.o
    0x1a002762   0x0000006e   Code   RO          371    i.tokenize          isp_iap.o
    0x1a0027d0   0x00000044   Code   RO          372    i.unlock            isp_iap.o
    0x1a002814   0x00000030   Code   RO          373    i.user_code_present  isp_iap.o
    0x1a002844   0x000000c8   Code   RO          374    i.uudecode          isp_iap.o
    0x1a00290c   0x00000088   Code   RO          375    i.uuencode          isp_iap.o
    0x1a002994   0x00000114   Code   RO          376    i.write_to_ram      isp_iap.o
    0x1a002aa8   0x00000010   Data   RO          245    .constdata          comms.o
    0x1a002ab8   0x0000001b   Data   RO          378    .constdata          isp_iap.o
    0x1a002ad3   0x00000001   PAD
    0x1a002ad4   0x0000005a   Data   RO          824    .constdata          clock_18xx_43xx.o
    0x1a002b2e   0x0000003c   Data   RO         1095    .constdata          sysinit_18xx_43xx.o
    0x1a002b6a   0x00000002   PAD
    0x1a002b6c   0x00000018   Data   RO         1385    .constdata          board.o
    0x1a002b84   0x000002bc   Data   RO         1495    .constdata          board_sysinit.o
    0x1a002e40   0x00000020   Data   RO         1775    Region$$Table       anon$$obj.o


==============================================================================

Image component sizes


      Code (inc. data)   RO Data    RW Data    ZI Data      Debug   Object Name

       158         30         24          0          0      16939   board.o
       428         70        700          0          0       7444   board_sysinit.o
        20          6          0          4          0       1170   chip_18xx_43xx.o
      1468        192         90          8          0      14319   clock_18xx_43xx.o
      2172        246         16         69      12544      19050   comms.o
       788         22          0          0          0       5472   emc_18xx_43xx.o
       260         34          0          4          0      25844   enet_18xx_43xx.o
         2          0          0          0          0       2921   gpio_18xx_43xx.o
      3502        312         27          8        208      21490   isp_iap.o
        64         24        276          0        768        860   keil_startup_lpc18xx43xx.o
       564         60          0         16          0      12451   lpc_phy_dp83848.o
       100         10          0          0          0       1591   rgu_18xx_43xx.o
        50          0          4          0          0      17461   sbl_main.o
       124         28          0         12          0       5353   stopwatch_18xx_43xx.o
        24         10          0          0          0        473   sysinit.o
       156         18         60          0          0       1446   sysinit_18xx_43xx.o
        98          6          0          0          0       1941   timer.o
        66         12          0          0          0       1122   timer_18xx_43xx.o

    ----------------------------------------------------------------------
     10064       1080       1232        124      13520     157347   Object Totals
         0          0         32          0          0          0   (incl. Generated)
        20          0          3          3          0          0   (incl. Padding)

    ----------------------------------------------------------------------

      Code (inc. data)   RO Data    RW Data    ZI Data      Debug   Library Member Name

         8          0          0          0          0         68   __main.o
         0          0          0          0          0          0   __rtentry.o
        12          0          0          0          0          0   __rtentry2.o
         6          0          0          0          0          0   __rtentry4.o
        52          8          0          0          0          0   __scatter.o
        26          0          0          0          0          0   __scatter_copy.o
        28          0          0          0          0          0   __scatter_zi.o
        12          0          0          0          0         72   exit.o
         6          0          0          0          0        152   heapauxi.o
         2          0          0          0          0          0   libinit.o
         2          0          0          0          0          0   libinit2.o
         2          0          0          0          0          0   libshutdown.o
         2          0          0          0          0          0   libshutdown2.o
         8          4          0          0         96         68   libspace.o
        78          0          0          0          0         80   rt_memclr_w.o
       138          0          0          0          0         68   rt_memcpy_v6.o
       100          0          0          0          0         80   rt_memcpy_w.o
         2          0          0          0          0          0   rtexit.o
        10          0          0          0          0          0   rtexit2.o
        74          0          0          0          0         80   sys_stackheap_outer.o

    ----------------------------------------------------------------------
       576         12          0          0        100        668   Library Totals
         8          0          0          0          4          0   (incl. Padding)

    ----------------------------------------------------------------------

      Code (inc. data)   RO Data    RW Data    ZI Data      Debug   Library Name

       568         12          0          0         96        668   c_w.l

    ----------------------------------------------------------------------
       576         12          0          0        100        668   Library Totals

    ----------------------------------------------------------------------

==============================================================================


      Code (inc. data)   RO Data    RW Data    ZI Data      Debug   

     10640       1092       1232        124      13620     152655   Grand Totals
     10640       1092       1232        124      13620     152655   ELF Image Totals
     10640       1092       1232        124          0          0   ROM Totals

==============================================================================

    Total RO  Size (Code + RO Data)                11872 (  11.59kB)
    Total RW  Size (RW Data + ZI Data)             13744 (  13.42kB)
    Total ROM Size (Code + RO Data + RW Data)      11996 (  11.71kB)

==============================================================================

